<!doctype html public "-//w3c//dtd html 4.0 transitional//en">
<html><head>
<title>Static Call Graph - [..\..\Output\atk_h7r3_full.axf]</title></head>
<body><HR>
<H1>Static Call Graph for image ..\..\Output\atk_h7r3_full.axf</H1><HR>
<BR><P>#&#060CALLGRAPH&#062# ARM Linker, 6220000: Last Updated: Fri Apr 17 17:33:51 2026
<BR><P>
<H3>Maximum Stack Usage =        652 bytes + Unknown(Functions without stacksize, Cycles, Untraceable Function Pointers)</H3><H3>
Call chain for Maximum Stack Depth:</H3>
main &rArr; camera_workflow_handle_capture &rArr; camera_draw_text_overlay &rArr; lcd_show_string &rArr; lcd_show_char &rArr; lcd_set_cursor
<P>
<H3>
Functions with no stack information
</H3><UL>
 <LI><a href="#[1cb]">st_sssa8_ch_convolve_dw_3x3_KWS_ch1st</a>
 <LI><a href="#[1cc]">st_sssa8_ch_convolve_dw_3x3_ch1st</a>
 <LI><a href="#[1ca]">st_sssa8_ch_convolve_dw_3x3_ch1st_stride2</a>
 <LI><a href="#[1c6]">st_sssa8_ch_nn_mat_mult_kernel_opt</a>
 <LI><a href="#[1de]">st_sssa8_ch_nn_mat_mult_pw_nt_t</a>
 <LI><a href="#[1df]">st_sssa8_ch_nn_mat_mult_pw_nt_t_KWS</a>
</UL>
</UL>
<P>
<H3>
Mutually Recursive functions
</H3> <LI><a href="#[35]">ADC1_2_IRQHandler</a>&nbsp;&nbsp;&nbsp;&rArr;&nbsp;&nbsp;&nbsp;<a href="#[35]">ADC1_2_IRQHandler</a><BR>
 <LI><a href="#[f]">NMI_Handler</a>&nbsp;&nbsp;&nbsp;&rArr;&nbsp;&nbsp;&nbsp;<a href="#[f]">NMI_Handler</a><BR>
</UL>
<P>
<H3>
Function Pointers
</H3><UL>
 <LI><a href="#[35]">ADC1_2_IRQHandler</a> from startup_stm32h7r3xx.o(.text) referenced from startup_stm32h7r3xx.o(RESET)
 <LI><a href="#[86]">ADF1_FLT0_IRQHandler</a> from startup_stm32h7r3xx.o(.text) referenced from startup_stm32h7r3xx.o(RESET)
 <LI><a href="#[12]">BusFault_Handler</a> from stm32h7rsxx_it.o(.text.BusFault_Handler) referenced from startup_stm32h7r3xx.o(RESET)
 <LI><a href="#[89]">CEC_IRQHandler</a> from startup_stm32h7r3xx.o(.text) referenced from startup_stm32h7r3xx.o(RESET)
 <LI><a href="#[6c]">CORDIC_IRQHandler</a> from startup_stm32h7r3xx.o(.text) referenced from startup_stm32h7r3xx.o(RESET)
 <LI><a href="#[87]">CRS_IRQHandler</a> from startup_stm32h7r3xx.o(.text) referenced from startup_stm32h7r3xx.o(RESET)
 <LI><a href="#[6e]">DCMIPP_IRQHandler</a> from dcmipp.o(.text.DCMIPP_IRQHandler) referenced from startup_stm32h7r3xx.o(RESET)
 <LI><a href="#[6f]">DMA2D_IRQHandler</a> from startup_stm32h7r3xx.o(.text) referenced from startup_stm32h7r3xx.o(RESET)
 <LI><a href="#[19]">DTS_IRQHandler</a> from startup_stm32h7r3xx.o(.text) referenced from startup_stm32h7r3xx.o(RESET)
 <LI><a href="#[15]">DebugMon_Handler</a> from stm32h7rsxx_it.o(.text.DebugMon_Handler) referenced from startup_stm32h7r3xx.o(RESET)
 <LI><a href="#[6b]">ETH_IRQHandler</a> from startup_stm32h7r3xx.o(.text) referenced from startup_stm32h7r3xx.o(RESET)
 <LI><a href="#[21]">EXTI0_IRQHandler</a> from startup_stm32h7r3xx.o(.text) referenced from startup_stm32h7r3xx.o(RESET)
 <LI><a href="#[2b]">EXTI10_IRQHandler</a> from startup_stm32h7r3xx.o(.text) referenced from startup_stm32h7r3xx.o(RESET)
 <LI><a href="#[2c]">EXTI11_IRQHandler</a> from startup_stm32h7r3xx.o(.text) referenced from startup_stm32h7r3xx.o(RESET)
 <LI><a href="#[2d]">EXTI12_IRQHandler</a> from startup_stm32h7r3xx.o(.text) referenced from startup_stm32h7r3xx.o(RESET)
 <LI><a href="#[2e]">EXTI13_IRQHandler</a> from startup_stm32h7r3xx.o(.text) referenced from startup_stm32h7r3xx.o(RESET)
 <LI><a href="#[2f]">EXTI14_IRQHandler</a> from startup_stm32h7r3xx.o(.text) referenced from startup_stm32h7r3xx.o(RESET)
 <LI><a href="#[30]">EXTI15_IRQHandler</a> from startup_stm32h7r3xx.o(.text) referenced from startup_stm32h7r3xx.o(RESET)
 <LI><a href="#[22]">EXTI1_IRQHandler</a> from startup_stm32h7r3xx.o(.text) referenced from startup_stm32h7r3xx.o(RESET)
 <LI><a href="#[23]">EXTI2_IRQHandler</a> from startup_stm32h7r3xx.o(.text) referenced from startup_stm32h7r3xx.o(RESET)
 <LI><a href="#[24]">EXTI3_IRQHandler</a> from startup_stm32h7r3xx.o(.text) referenced from startup_stm32h7r3xx.o(RESET)
 <LI><a href="#[25]">EXTI4_IRQHandler</a> from startup_stm32h7r3xx.o(.text) referenced from startup_stm32h7r3xx.o(RESET)
 <LI><a href="#[26]">EXTI5_IRQHandler</a> from startup_stm32h7r3xx.o(.text) referenced from startup_stm32h7r3xx.o(RESET)
 <LI><a href="#[27]">EXTI6_IRQHandler</a> from startup_stm32h7r3xx.o(.text) referenced from startup_stm32h7r3xx.o(RESET)
 <LI><a href="#[28]">EXTI7_IRQHandler</a> from startup_stm32h7r3xx.o(.text) referenced from startup_stm32h7r3xx.o(RESET)
 <LI><a href="#[29]">EXTI8_IRQHandler</a> from startup_stm32h7r3xx.o(.text) referenced from startup_stm32h7r3xx.o(RESET)
 <LI><a href="#[2a]">EXTI9_IRQHandler</a> from startup_stm32h7r3xx.o(.text) referenced from startup_stm32h7r3xx.o(RESET)
 <LI><a href="#[9d]">FDCAN1_IT0_IRQHandler</a> from startup_stm32h7r3xx.o(.text) referenced from startup_stm32h7r3xx.o(RESET)
 <LI><a href="#[9e]">FDCAN1_IT1_IRQHandler</a> from startup_stm32h7r3xx.o(.text) referenced from startup_stm32h7r3xx.o(RESET)
 <LI><a href="#[9f]">FDCAN2_IT0_IRQHandler</a> from startup_stm32h7r3xx.o(.text) referenced from startup_stm32h7r3xx.o(RESET)
 <LI><a href="#[a0]">FDCAN2_IT1_IRQHandler</a> from startup_stm32h7r3xx.o(.text) referenced from startup_stm32h7r3xx.o(RESET)
 <LI><a href="#[1d]">FLASH_IRQHandler</a> from startup_stm32h7r3xx.o(.text) referenced from startup_stm32h7r3xx.o(RESET)
 <LI><a href="#[75]">FMC_IRQHandler</a> from startup_stm32h7r3xx.o(.text) referenced from startup_stm32h7r3xx.o(RESET)
 <LI><a href="#[1f]">FPU_IRQHandler</a> from startup_stm32h7r3xx.o(.text) referenced from startup_stm32h7r3xx.o(RESET)
 <LI><a href="#[71]">GFXMMU_IRQHandler</a> from startup_stm32h7r3xx.o(.text) referenced from startup_stm32h7r3xx.o(RESET)
 <LI><a href="#[6d]">GFXTIM_IRQHandler</a> from startup_stm32h7r3xx.o(.text) referenced from startup_stm32h7r3xx.o(RESET)
 <LI><a href="#[36]">GPDMA1_Channel0_IRQHandler</a> from startup_stm32h7r3xx.o(.text) referenced from startup_stm32h7r3xx.o(RESET)
 <LI><a href="#[8f]">GPDMA1_Channel10_IRQHandler</a> from startup_stm32h7r3xx.o(.text) referenced from startup_stm32h7r3xx.o(RESET)
 <LI><a href="#[90]">GPDMA1_Channel11_IRQHandler</a> from startup_stm32h7r3xx.o(.text) referenced from startup_stm32h7r3xx.o(RESET)
 <LI><a href="#[91]">GPDMA1_Channel12_IRQHandler</a> from startup_stm32h7r3xx.o(.text) referenced from startup_stm32h7r3xx.o(RESET)
 <LI><a href="#[92]">GPDMA1_Channel13_IRQHandler</a> from startup_stm32h7r3xx.o(.text) referenced from startup_stm32h7r3xx.o(RESET)
 <LI><a href="#[93]">GPDMA1_Channel14_IRQHandler</a> from startup_stm32h7r3xx.o(.text) referenced from startup_stm32h7r3xx.o(RESET)
 <LI><a href="#[94]">GPDMA1_Channel15_IRQHandler</a> from startup_stm32h7r3xx.o(.text) referenced from startup_stm32h7r3xx.o(RESET)
 <LI><a href="#[37]">GPDMA1_Channel1_IRQHandler</a> from startup_stm32h7r3xx.o(.text) referenced from startup_stm32h7r3xx.o(RESET)
 <LI><a href="#[38]">GPDMA1_Channel2_IRQHandler</a> from startup_stm32h7r3xx.o(.text) referenced from startup_stm32h7r3xx.o(RESET)
 <LI><a href="#[39]">GPDMA1_Channel3_IRQHandler</a> from startup_stm32h7r3xx.o(.text) referenced from startup_stm32h7r3xx.o(RESET)
 <LI><a href="#[3a]">GPDMA1_Channel4_IRQHandler</a> from startup_stm32h7r3xx.o(.text) referenced from startup_stm32h7r3xx.o(RESET)
 <LI><a href="#[3b]">GPDMA1_Channel5_IRQHandler</a> from startup_stm32h7r3xx.o(.text) referenced from startup_stm32h7r3xx.o(RESET)
 <LI><a href="#[3c]">GPDMA1_Channel6_IRQHandler</a> from startup_stm32h7r3xx.o(.text) referenced from startup_stm32h7r3xx.o(RESET)
 <LI><a href="#[3d]">GPDMA1_Channel7_IRQHandler</a> from startup_stm32h7r3xx.o(.text) referenced from startup_stm32h7r3xx.o(RESET)
 <LI><a href="#[8d]">GPDMA1_Channel8_IRQHandler</a> from startup_stm32h7r3xx.o(.text) referenced from startup_stm32h7r3xx.o(RESET)
 <LI><a href="#[8e]">GPDMA1_Channel9_IRQHandler</a> from startup_stm32h7r3xx.o(.text) referenced from startup_stm32h7r3xx.o(RESET)
 <LI><a href="#[33]">HASH_IRQHandler</a> from startup_stm32h7r3xx.o(.text) referenced from startup_stm32h7r3xx.o(RESET)
 <LI><a href="#[4f]">HPDMA1_Channel0_IRQHandler</a> from startup_stm32h7r3xx.o(.text) referenced from startup_stm32h7r3xx.o(RESET)
 <LI><a href="#[97]">HPDMA1_Channel10_IRQHandler</a> from startup_stm32h7r3xx.o(.text) referenced from startup_stm32h7r3xx.o(RESET)
 <LI><a href="#[98]">HPDMA1_Channel11_IRQHandler</a> from startup_stm32h7r3xx.o(.text) referenced from startup_stm32h7r3xx.o(RESET)
 <LI><a href="#[99]">HPDMA1_Channel12_IRQHandler</a> from startup_stm32h7r3xx.o(.text) referenced from startup_stm32h7r3xx.o(RESET)
 <LI><a href="#[9a]">HPDMA1_Channel13_IRQHandler</a> from startup_stm32h7r3xx.o(.text) referenced from startup_stm32h7r3xx.o(RESET)
 <LI><a href="#[9b]">HPDMA1_Channel14_IRQHandler</a> from startup_stm32h7r3xx.o(.text) referenced from startup_stm32h7r3xx.o(RESET)
 <LI><a href="#[9c]">HPDMA1_Channel15_IRQHandler</a> from startup_stm32h7r3xx.o(.text) referenced from startup_stm32h7r3xx.o(RESET)
 <LI><a href="#[50]">HPDMA1_Channel1_IRQHandler</a> from startup_stm32h7r3xx.o(.text) referenced from startup_stm32h7r3xx.o(RESET)
 <LI><a href="#[51]">HPDMA1_Channel2_IRQHandler</a> from startup_stm32h7r3xx.o(.text) referenced from startup_stm32h7r3xx.o(RESET)
 <LI><a href="#[52]">HPDMA1_Channel3_IRQHandler</a> from startup_stm32h7r3xx.o(.text) referenced from startup_stm32h7r3xx.o(RESET)
 <LI><a href="#[53]">HPDMA1_Channel4_IRQHandler</a> from startup_stm32h7r3xx.o(.text) referenced from startup_stm32h7r3xx.o(RESET)
 <LI><a href="#[54]">HPDMA1_Channel5_IRQHandler</a> from startup_stm32h7r3xx.o(.text) referenced from startup_stm32h7r3xx.o(RESET)
 <LI><a href="#[55]">HPDMA1_Channel6_IRQHandler</a> from startup_stm32h7r3xx.o(.text) referenced from startup_stm32h7r3xx.o(RESET)
 <LI><a href="#[56]">HPDMA1_Channel7_IRQHandler</a> from startup_stm32h7r3xx.o(.text) referenced from startup_stm32h7r3xx.o(RESET)
 <LI><a href="#[95]">HPDMA1_Channel8_IRQHandler</a> from startup_stm32h7r3xx.o(.text) referenced from startup_stm32h7r3xx.o(RESET)
 <LI><a href="#[96]">HPDMA1_Channel9_IRQHandler</a> from startup_stm32h7r3xx.o(.text) referenced from startup_stm32h7r3xx.o(RESET)
 <LI><a href="#[10]">HardFault_Handler</a> from stm32h7rsxx_it.o(.text.HardFault_Handler) referenced from startup_stm32h7r3xx.o(RESET)
 <LI><a href="#[5c]">I2C1_ER_IRQHandler</a> from startup_stm32h7r3xx.o(.text) referenced from startup_stm32h7r3xx.o(RESET)
 <LI><a href="#[5b]">I2C1_EV_IRQHandler</a> from startup_stm32h7r3xx.o(.text) referenced from startup_stm32h7r3xx.o(RESET)
 <LI><a href="#[5e]">I2C2_ER_IRQHandler</a> from startup_stm32h7r3xx.o(.text) referenced from startup_stm32h7r3xx.o(RESET)
 <LI><a href="#[5d]">I2C2_EV_IRQHandler</a> from startup_stm32h7r3xx.o(.text) referenced from startup_stm32h7r3xx.o(RESET)
 <LI><a href="#[60]">I2C3_ER_IRQHandler</a> from startup_stm32h7r3xx.o(.text) referenced from startup_stm32h7r3xx.o(RESET)
 <LI><a href="#[5f]">I2C3_EV_IRQHandler</a> from startup_stm32h7r3xx.o(.text) referenced from startup_stm32h7r3xx.o(RESET)
 <LI><a href="#[69]">I3C1_ER_IRQHandler</a> from startup_stm32h7r3xx.o(.text) referenced from startup_stm32h7r3xx.o(RESET)
 <LI><a href="#[68]">I3C1_EV_IRQHandler</a> from startup_stm32h7r3xx.o(.text) referenced from startup_stm32h7r3xx.o(RESET)
 <LI><a href="#[72]">I3C1_WKUP_IRQHandler</a> from startup_stm32h7r3xx.o(.text) referenced from startup_stm32h7r3xx.o(RESET)
 <LI><a href="#[1a]">IWDG_IRQHandler</a> from startup_stm32h7r3xx.o(.text) referenced from startup_stm32h7r3xx.o(RESET)
 <LI><a href="#[70]">JPEG_IRQHandler</a> from startup_stm32h7r3xx.o(.text) referenced from startup_stm32h7r3xx.o(RESET)
 <LI><a href="#[7f]">LPTIM1_IRQHandler</a> from startup_stm32h7r3xx.o(.text) referenced from startup_stm32h7r3xx.o(RESET)
 <LI><a href="#[80]">LPTIM2_IRQHandler</a> from startup_stm32h7r3xx.o(.text) referenced from startup_stm32h7r3xx.o(RESET)
 <LI><a href="#[81]">LPTIM3_IRQHandler</a> from startup_stm32h7r3xx.o(.text) referenced from startup_stm32h7r3xx.o(RESET)
 <LI><a href="#[82]">LPTIM4_IRQHandler</a> from startup_stm32h7r3xx.o(.text) referenced from startup_stm32h7r3xx.o(RESET)
 <LI><a href="#[83]">LPTIM5_IRQHandler</a> from startup_stm32h7r3xx.o(.text) referenced from startup_stm32h7r3xx.o(RESET)
 <LI><a href="#[8b]">LPUART1_IRQHandler</a> from startup_stm32h7r3xx.o(.text) referenced from startup_stm32h7r3xx.o(RESET)
 <LI><a href="#[85]">MDIOS_IRQHandler</a> from startup_stm32h7r3xx.o(.text) referenced from startup_stm32h7r3xx.o(RESET)
 <LI><a href="#[11]">MemManage_Handler</a> from stm32h7rsxx_it.o(.text.MemManage_Handler) referenced from startup_stm32h7r3xx.o(RESET)
 <LI><a href="#[f]">NMI_Handler</a> from stm32h7rsxx_it.o(.text.NMI_Handler) referenced from startup_stm32h7r3xx.o(RESET)
 <LI><a href="#[78]">OTG_FS_IRQHandler</a> from startup_stm32h7r3xx.o(.text) referenced from startup_stm32h7r3xx.o(RESET)
 <LI><a href="#[6a]">OTG_HS_IRQHandler</a> from startup_stm32h7r3xx.o(.text) referenced from startup_stm32h7r3xx.o(RESET)
 <LI><a href="#[32]">PKA_IRQHandler</a> from startup_stm32h7r3xx.o(.text) referenced from startup_stm32h7r3xx.o(RESET)
 <LI><a href="#[8a]">PSSI_IRQHandler</a> from startup_stm32h7r3xx.o(.text) referenced from startup_stm32h7r3xx.o(RESET)
 <LI><a href="#[18]">PVD_PVM_IRQHandler</a> from startup_stm32h7r3xx.o(.text) referenced from startup_stm32h7r3xx.o(RESET)
 <LI><a href="#[16]">PendSV_Handler</a> from stm32h7rsxx_it.o(.text.PendSV_Handler) referenced from startup_stm32h7r3xx.o(RESET)
 <LI><a href="#[1e]">RAMECC_IRQHandler</a> from startup_stm32h7r3xx.o(.text) referenced from startup_stm32h7r3xx.o(RESET)
 <LI><a href="#[1c]">RCC_IRQHandler</a> from startup_stm32h7r3xx.o(.text) referenced from startup_stm32h7r3xx.o(RESET)
 <LI><a href="#[34]">RNG_IRQHandler</a> from startup_stm32h7r3xx.o(.text) referenced from startup_stm32h7r3xx.o(RESET)
 <LI><a href="#[31]">RTC_IRQHandler</a> from startup_stm32h7r3xx.o(.text) referenced from startup_stm32h7r3xx.o(RESET)
 <LI><a href="#[e]">Reset_Handler</a> from startup_stm32h7r3xx.o(.text) referenced from startup_stm32h7r3xx.o(RESET)
 <LI><a href="#[57]">SAI1_A_IRQHandler</a> from startup_stm32h7r3xx.o(.text) referenced from startup_stm32h7r3xx.o(RESET)
 <LI><a href="#[58]">SAI1_B_IRQHandler</a> from startup_stm32h7r3xx.o(.text) referenced from startup_stm32h7r3xx.o(RESET)
 <LI><a href="#[59]">SAI2_A_IRQHandler</a> from startup_stm32h7r3xx.o(.text) referenced from startup_stm32h7r3xx.o(RESET)
 <LI><a href="#[5a]">SAI2_B_IRQHandler</a> from startup_stm32h7r3xx.o(.text) referenced from startup_stm32h7r3xx.o(RESET)
 <LI><a href="#[76]">SDMMC1_IRQHandler</a> from startup_stm32h7r3xx.o(.text) referenced from startup_stm32h7r3xx.o(RESET)
 <LI><a href="#[77]">SDMMC2_IRQHandler</a> from startup_stm32h7r3xx.o(.text) referenced from startup_stm32h7r3xx.o(RESET)
 <LI><a href="#[84]">SPDIF_RX_IRQHandler</a> from startup_stm32h7r3xx.o(.text) referenced from startup_stm32h7r3xx.o(RESET)
 <LI><a href="#[49]">SPI1_IRQHandler</a> from startup_stm32h7r3xx.o(.text) referenced from startup_stm32h7r3xx.o(RESET)
 <LI><a href="#[4a]">SPI2_IRQHandler</a> from startup_stm32h7r3xx.o(.text) referenced from startup_stm32h7r3xx.o(RESET)
 <LI><a href="#[4b]">SPI3_IRQHandler</a> from startup_stm32h7r3xx.o(.text) referenced from startup_stm32h7r3xx.o(RESET)
 <LI><a href="#[4c]">SPI4_IRQHandler</a> from startup_stm32h7r3xx.o(.text) referenced from startup_stm32h7r3xx.o(RESET)
 <LI><a href="#[4d]">SPI5_IRQHandler</a> from startup_stm32h7r3xx.o(.text) referenced from startup_stm32h7r3xx.o(RESET)
 <LI><a href="#[4e]">SPI6_IRQHandler</a> from startup_stm32h7r3xx.o(.text) referenced from startup_stm32h7r3xx.o(RESET)
 <LI><a href="#[14]">SVC_Handler</a> from stm32h7rsxx_it.o(.text.SVC_Handler) referenced from startup_stm32h7r3xx.o(RESET)
 <LI><a href="#[17]">SysTick_Handler</a> from stm32h7rsxx_it.o(.text.SysTick_Handler) referenced from startup_stm32h7r3xx.o(RESET)
 <LI><a href="#[a2]">SystemInit</a> from system_stm32h7rsxx.o(.text.SystemInit) referenced from startup_stm32h7r3xx.o(.text)
 <LI><a href="#[20]">TAMP_IRQHandler</a> from startup_stm32h7r3xx.o(.text) referenced from startup_stm32h7r3xx.o(RESET)
 <LI><a href="#[79]">TIM12_IRQHandler</a> from startup_stm32h7r3xx.o(.text) referenced from startup_stm32h7r3xx.o(RESET)
 <LI><a href="#[7a]">TIM13_IRQHandler</a> from startup_stm32h7r3xx.o(.text) referenced from startup_stm32h7r3xx.o(RESET)
 <LI><a href="#[7b]">TIM14_IRQHandler</a> from startup_stm32h7r3xx.o(.text) referenced from startup_stm32h7r3xx.o(RESET)
 <LI><a href="#[7c]">TIM15_IRQHandler</a> from startup_stm32h7r3xx.o(.text) referenced from startup_stm32h7r3xx.o(RESET)
 <LI><a href="#[7d]">TIM16_IRQHandler</a> from startup_stm32h7r3xx.o(.text) referenced from startup_stm32h7r3xx.o(RESET)
 <LI><a href="#[7e]">TIM17_IRQHandler</a> from startup_stm32h7r3xx.o(.text) referenced from startup_stm32h7r3xx.o(RESET)
 <LI><a href="#[3e]">TIM1_BRK_IRQHandler</a> from startup_stm32h7r3xx.o(.text) referenced from startup_stm32h7r3xx.o(RESET)
 <LI><a href="#[41]">TIM1_CC_IRQHandler</a> from startup_stm32h7r3xx.o(.text) referenced from startup_stm32h7r3xx.o(RESET)
 <LI><a href="#[40]">TIM1_TRG_COM_IRQHandler</a> from startup_stm32h7r3xx.o(.text) referenced from startup_stm32h7r3xx.o(RESET)
 <LI><a href="#[3f]">TIM1_UP_IRQHandler</a> from startup_stm32h7r3xx.o(.text) referenced from startup_stm32h7r3xx.o(RESET)
 <LI><a href="#[42]">TIM2_IRQHandler</a> from startup_stm32h7r3xx.o(.text) referenced from startup_stm32h7r3xx.o(RESET)
 <LI><a href="#[43]">TIM3_IRQHandler</a> from startup_stm32h7r3xx.o(.text) referenced from startup_stm32h7r3xx.o(RESET)
 <LI><a href="#[44]">TIM4_IRQHandler</a> from startup_stm32h7r3xx.o(.text) referenced from startup_stm32h7r3xx.o(RESET)
 <LI><a href="#[45]">TIM5_IRQHandler</a> from startup_stm32h7r3xx.o(.text) referenced from startup_stm32h7r3xx.o(RESET)
 <LI><a href="#[46]">TIM6_IRQHandler</a> from startup_stm32h7r3xx.o(.text) referenced from startup_stm32h7r3xx.o(RESET)
 <LI><a href="#[47]">TIM7_IRQHandler</a> from startup_stm32h7r3xx.o(.text) referenced from startup_stm32h7r3xx.o(RESET)
 <LI><a href="#[48]">TIM9_IRQHandler</a> from startup_stm32h7r3xx.o(.text) referenced from startup_stm32h7r3xx.o(RESET)
 <LI><a href="#[64]">UART4_IRQHandler</a> from startup_stm32h7r3xx.o(.text) referenced from startup_stm32h7r3xx.o(RESET)
 <LI><a href="#[65]">UART5_IRQHandler</a> from startup_stm32h7r3xx.o(.text) referenced from startup_stm32h7r3xx.o(RESET)
 <LI><a href="#[66]">UART7_IRQHandler</a> from startup_stm32h7r3xx.o(.text) referenced from startup_stm32h7r3xx.o(RESET)
 <LI><a href="#[67]">UART8_IRQHandler</a> from startup_stm32h7r3xx.o(.text) referenced from startup_stm32h7r3xx.o(RESET)
 <LI><a href="#[b2]">UART_DMAAbortOnError</a> from stm32h7rsxx_hal_uart.o(.text.UART_DMAAbortOnError) referenced 2 times from stm32h7rsxx_hal_uart.o(.text.HAL_UART_IRQHandler)
 <LI><a href="#[b3]">UART_RxISR_16BIT</a> from stm32h7rsxx_hal_uart.o(.text.UART_RxISR_16BIT) referenced 2 times from stm32h7rsxx_hal_uart.o(.text.UART_RxISR_16BIT_FIFOEN)
 <LI><a href="#[b3]">UART_RxISR_16BIT</a> from stm32h7rsxx_hal_uart.o(.text.UART_RxISR_16BIT) referenced 2 times from stm32h7rsxx_hal_uart.o(.text.UART_Start_Receive_IT)
 <LI><a href="#[b6]">UART_RxISR_16BIT_FIFOEN</a> from stm32h7rsxx_hal_uart.o(.text.UART_RxISR_16BIT_FIFOEN) referenced 2 times from stm32h7rsxx_hal_uart.o(.text.UART_Start_Receive_IT)
 <LI><a href="#[b4]">UART_RxISR_8BIT</a> from stm32h7rsxx_hal_uart.o(.text.UART_RxISR_8BIT) referenced 2 times from stm32h7rsxx_hal_uart.o(.text.UART_RxISR_8BIT_FIFOEN)
 <LI><a href="#[b4]">UART_RxISR_8BIT</a> from stm32h7rsxx_hal_uart.o(.text.UART_RxISR_8BIT) referenced 2 times from stm32h7rsxx_hal_uart.o(.text.UART_Start_Receive_IT)
 <LI><a href="#[b5]">UART_RxISR_8BIT_FIFOEN</a> from stm32h7rsxx_hal_uart.o(.text.UART_RxISR_8BIT_FIFOEN) referenced 2 times from stm32h7rsxx_hal_uart.o(.text.UART_Start_Receive_IT)
 <LI><a href="#[88]">UCPD1_IRQHandler</a> from startup_stm32h7r3xx.o(.text) referenced from startup_stm32h7r3xx.o(RESET)
 <LI><a href="#[61]">USART1_IRQHandler</a> from usart.o(.text.USART1_IRQHandler) referenced from startup_stm32h7r3xx.o(RESET)
 <LI><a href="#[62]">USART2_IRQHandler</a> from startup_stm32h7r3xx.o(.text) referenced from startup_stm32h7r3xx.o(RESET)
 <LI><a href="#[63]">USART3_IRQHandler</a> from startup_stm32h7r3xx.o(.text) referenced from startup_stm32h7r3xx.o(RESET)
 <LI><a href="#[13]">UsageFault_Handler</a> from stm32h7rsxx_it.o(.text.UsageFault_Handler) referenced from startup_stm32h7r3xx.o(RESET)
 <LI><a href="#[8c]">WAKEUP_PIN_IRQHandler</a> from startup_stm32h7r3xx.o(.text) referenced from startup_stm32h7r3xx.o(RESET)
 <LI><a href="#[1b]">WWDG_IRQHandler</a> from startup_stm32h7r3xx.o(.text) referenced from startup_stm32h7r3xx.o(RESET)
 <LI><a href="#[73]">XSPI1_IRQHandler</a> from startup_stm32h7r3xx.o(.text) referenced from startup_stm32h7r3xx.o(RESET)
 <LI><a href="#[74]">XSPI2_IRQHandler</a> from startup_stm32h7r3xx.o(.text) referenced from startup_stm32h7r3xx.o(RESET)
 <LI><a href="#[a3]">__main</a> from entry.o(.ARM.Collect$$$$00000000) referenced from startup_stm32h7r3xx.o(.text)
 <LI><a href="#[b8]">_snputc</a> from printfa.o(i._snputc) referenced from printfa.o(i.__0snprintf)
 <LI><a href="#[c]">ai_sum</a> from ai_math_helpers.o(i.ai_sum) referenced 2 times from network.o(.data.mean_layer)
 <LI><a href="#[2]">ai_sum_buffer_INT8</a> from ai_math_helpers.o(i.ai_sum_buffer_INT8) referenced 2 times from network.o(.data.add_1_layer)
 <LI><a href="#[2]">ai_sum_buffer_INT8</a> from ai_math_helpers.o(i.ai_sum_buffer_INT8) referenced 2 times from network.o(.data.add_2_layer)
 <LI><a href="#[2]">ai_sum_buffer_INT8</a> from ai_math_helpers.o(i.ai_sum_buffer_INT8) referenced 2 times from network.o(.data.add_3_layer)
 <LI><a href="#[2]">ai_sum_buffer_INT8</a> from ai_math_helpers.o(i.ai_sum_buffer_INT8) referenced 2 times from network.o(.data.add_4_layer)
 <LI><a href="#[2]">ai_sum_buffer_INT8</a> from ai_math_helpers.o(i.ai_sum_buffer_INT8) referenced 2 times from network.o(.data.add_5_layer)
 <LI><a href="#[2]">ai_sum_buffer_INT8</a> from ai_math_helpers.o(i.ai_sum_buffer_INT8) referenced 2 times from network.o(.data.add_6_layer)
 <LI><a href="#[2]">ai_sum_buffer_INT8</a> from ai_math_helpers.o(i.ai_sum_buffer_INT8) referenced 2 times from network.o(.data.add_7_layer)
 <LI><a href="#[2]">ai_sum_buffer_INT8</a> from ai_math_helpers.o(i.ai_sum_buffer_INT8) referenced 2 times from network.o(.data.add_8_layer)
 <LI><a href="#[2]">ai_sum_buffer_INT8</a> from ai_math_helpers.o(i.ai_sum_buffer_INT8) referenced 2 times from network.o(.data.add_9_layer)
 <LI><a href="#[2]">ai_sum_buffer_INT8</a> from ai_math_helpers.o(i.ai_sum_buffer_INT8) referenced 2 times from network.o(.data.add_layer)
 <LI><a href="#[1]">ai_sum_f32</a> from ai_math_helpers.o(i.ai_sum_f32) referenced 2 times from network.o(.data.add_1_layer)
 <LI><a href="#[1]">ai_sum_f32</a> from ai_math_helpers.o(i.ai_sum_f32) referenced 2 times from network.o(.data.add_2_layer)
 <LI><a href="#[1]">ai_sum_f32</a> from ai_math_helpers.o(i.ai_sum_f32) referenced 2 times from network.o(.data.add_3_layer)
 <LI><a href="#[1]">ai_sum_f32</a> from ai_math_helpers.o(i.ai_sum_f32) referenced 2 times from network.o(.data.add_4_layer)
 <LI><a href="#[1]">ai_sum_f32</a> from ai_math_helpers.o(i.ai_sum_f32) referenced 2 times from network.o(.data.add_5_layer)
 <LI><a href="#[1]">ai_sum_f32</a> from ai_math_helpers.o(i.ai_sum_f32) referenced 2 times from network.o(.data.add_6_layer)
 <LI><a href="#[1]">ai_sum_f32</a> from ai_math_helpers.o(i.ai_sum_f32) referenced 2 times from network.o(.data.add_7_layer)
 <LI><a href="#[1]">ai_sum_f32</a> from ai_math_helpers.o(i.ai_sum_f32) referenced 2 times from network.o(.data.add_8_layer)
 <LI><a href="#[1]">ai_sum_f32</a> from ai_math_helpers.o(i.ai_sum_f32) referenced 2 times from network.o(.data.add_9_layer)
 <LI><a href="#[1]">ai_sum_f32</a> from ai_math_helpers.o(i.ai_sum_f32) referenced 2 times from network.o(.data.add_layer)
 <LI><a href="#[a]">forward_bn</a> from layers_norm_generic_float.o(i.forward_bn) referenced 2 times from network.o(.data.mean_Mul_layer)
 <LI><a href="#[8]">forward_conv2d_rgb_sssa8_ch</a> from layers_conv2d_rgb_sssa8_ch.o(i.forward_conv2d_rgb_sssa8_ch) referenced 2 times from network.o(.data.hardtanh_layer)
 <LI><a href="#[d]">forward_dense_integer_SSSA_ch</a> from layers_conv2d_stm32_integer.o(i.forward_dense_integer_SSSA_ch) referenced 2 times from network.o(.data.output_QuantizeLinear_Input_layer)
 <LI><a href="#[4]">forward_dw_3x3_ch1st_sssa8_ch</a> from layers_dw_ch1st_sssa8_ch.o(i.forward_dw_3x3_ch1st_sssa8_ch) referenced 2 times from network.o(.data.hardtanh_11_layer)
 <LI><a href="#[4]">forward_dw_3x3_ch1st_sssa8_ch</a> from layers_dw_ch1st_sssa8_ch.o(i.forward_dw_3x3_ch1st_sssa8_ch) referenced 2 times from network.o(.data.hardtanh_13_layer)
 <LI><a href="#[4]">forward_dw_3x3_ch1st_sssa8_ch</a> from layers_dw_ch1st_sssa8_ch.o(i.forward_dw_3x3_ch1st_sssa8_ch) referenced 2 times from network.o(.data.hardtanh_15_layer)
 <LI><a href="#[4]">forward_dw_3x3_ch1st_sssa8_ch</a> from layers_dw_ch1st_sssa8_ch.o(i.forward_dw_3x3_ch1st_sssa8_ch) referenced 2 times from network.o(.data.hardtanh_17_layer)
 <LI><a href="#[4]">forward_dw_3x3_ch1st_sssa8_ch</a> from layers_dw_ch1st_sssa8_ch.o(i.forward_dw_3x3_ch1st_sssa8_ch) referenced 2 times from network.o(.data.hardtanh_19_layer)
 <LI><a href="#[4]">forward_dw_3x3_ch1st_sssa8_ch</a> from layers_dw_ch1st_sssa8_ch.o(i.forward_dw_3x3_ch1st_sssa8_ch) referenced 2 times from network.o(.data.hardtanh_1_layer)
 <LI><a href="#[4]">forward_dw_3x3_ch1st_sssa8_ch</a> from layers_dw_ch1st_sssa8_ch.o(i.forward_dw_3x3_ch1st_sssa8_ch) referenced 2 times from network.o(.data.hardtanh_21_layer)
 <LI><a href="#[4]">forward_dw_3x3_ch1st_sssa8_ch</a> from layers_dw_ch1st_sssa8_ch.o(i.forward_dw_3x3_ch1st_sssa8_ch) referenced 2 times from network.o(.data.hardtanh_23_layer)
 <LI><a href="#[4]">forward_dw_3x3_ch1st_sssa8_ch</a> from layers_dw_ch1st_sssa8_ch.o(i.forward_dw_3x3_ch1st_sssa8_ch) referenced 2 times from network.o(.data.hardtanh_25_layer)
 <LI><a href="#[4]">forward_dw_3x3_ch1st_sssa8_ch</a> from layers_dw_ch1st_sssa8_ch.o(i.forward_dw_3x3_ch1st_sssa8_ch) referenced 2 times from network.o(.data.hardtanh_27_layer)
 <LI><a href="#[4]">forward_dw_3x3_ch1st_sssa8_ch</a> from layers_dw_ch1st_sssa8_ch.o(i.forward_dw_3x3_ch1st_sssa8_ch) referenced 2 times from network.o(.data.hardtanh_3_layer)
 <LI><a href="#[4]">forward_dw_3x3_ch1st_sssa8_ch</a> from layers_dw_ch1st_sssa8_ch.o(i.forward_dw_3x3_ch1st_sssa8_ch) referenced 2 times from network.o(.data.hardtanh_5_layer)
 <LI><a href="#[4]">forward_dw_3x3_ch1st_sssa8_ch</a> from layers_dw_ch1st_sssa8_ch.o(i.forward_dw_3x3_ch1st_sssa8_ch) referenced 2 times from network.o(.data.hardtanh_7_layer)
 <LI><a href="#[4]">forward_dw_3x3_ch1st_sssa8_ch</a> from layers_dw_ch1st_sssa8_ch.o(i.forward_dw_3x3_ch1st_sssa8_ch) referenced 2 times from network.o(.data.hardtanh_9_layer)
 <LI><a href="#[6]">forward_dw_3x3_sssa8_ch</a> from layers_dw_sssa8_ch.o(i.forward_dw_3x3_sssa8_ch) referenced 2 times from network.o(.data.hardtanh_29_layer)
 <LI><a href="#[6]">forward_dw_3x3_sssa8_ch</a> from layers_dw_sssa8_ch.o(i.forward_dw_3x3_sssa8_ch) referenced 2 times from network.o(.data.hardtanh_31_layer)
 <LI><a href="#[6]">forward_dw_3x3_sssa8_ch</a> from layers_dw_sssa8_ch.o(i.forward_dw_3x3_sssa8_ch) referenced 2 times from network.o(.data.hardtanh_33_layer)
 <LI><a href="#[0]">forward_eltwise_integer_INT8</a> from layers_stm32_integer.o(i.forward_eltwise_integer_INT8) referenced 2 times from network.o(.data.add_1_layer)
 <LI><a href="#[0]">forward_eltwise_integer_INT8</a> from layers_stm32_integer.o(i.forward_eltwise_integer_INT8) referenced 2 times from network.o(.data.add_2_layer)
 <LI><a href="#[0]">forward_eltwise_integer_INT8</a> from layers_stm32_integer.o(i.forward_eltwise_integer_INT8) referenced 2 times from network.o(.data.add_3_layer)
 <LI><a href="#[0]">forward_eltwise_integer_INT8</a> from layers_stm32_integer.o(i.forward_eltwise_integer_INT8) referenced 2 times from network.o(.data.add_4_layer)
 <LI><a href="#[0]">forward_eltwise_integer_INT8</a> from layers_stm32_integer.o(i.forward_eltwise_integer_INT8) referenced 2 times from network.o(.data.add_5_layer)
 <LI><a href="#[0]">forward_eltwise_integer_INT8</a> from layers_stm32_integer.o(i.forward_eltwise_integer_INT8) referenced 2 times from network.o(.data.add_6_layer)
 <LI><a href="#[0]">forward_eltwise_integer_INT8</a> from layers_stm32_integer.o(i.forward_eltwise_integer_INT8) referenced 2 times from network.o(.data.add_7_layer)
 <LI><a href="#[0]">forward_eltwise_integer_INT8</a> from layers_stm32_integer.o(i.forward_eltwise_integer_INT8) referenced 2 times from network.o(.data.add_8_layer)
 <LI><a href="#[0]">forward_eltwise_integer_INT8</a> from layers_stm32_integer.o(i.forward_eltwise_integer_INT8) referenced 2 times from network.o(.data.add_9_layer)
 <LI><a href="#[0]">forward_eltwise_integer_INT8</a> from layers_stm32_integer.o(i.forward_eltwise_integer_INT8) referenced 2 times from network.o(.data.add_layer)
 <LI><a href="#[5]">forward_pad</a> from layers_generic_float.o(i.forward_pad) referenced 2 times from network.o(.data.hardtanh_11_pad_before_layer)
 <LI><a href="#[5]">forward_pad</a> from layers_generic_float.o(i.forward_pad) referenced 2 times from network.o(.data.hardtanh_13_pad_before_layer)
 <LI><a href="#[5]">forward_pad</a> from layers_generic_float.o(i.forward_pad) referenced 2 times from network.o(.data.hardtanh_15_pad_before_layer)
 <LI><a href="#[5]">forward_pad</a> from layers_generic_float.o(i.forward_pad) referenced 2 times from network.o(.data.hardtanh_17_pad_before_layer)
 <LI><a href="#[5]">forward_pad</a> from layers_generic_float.o(i.forward_pad) referenced 2 times from network.o(.data.hardtanh_19_pad_before_layer)
 <LI><a href="#[5]">forward_pad</a> from layers_generic_float.o(i.forward_pad) referenced 2 times from network.o(.data.hardtanh_1_pad_before_layer)
 <LI><a href="#[5]">forward_pad</a> from layers_generic_float.o(i.forward_pad) referenced 2 times from network.o(.data.hardtanh_21_pad_before_layer)
 <LI><a href="#[5]">forward_pad</a> from layers_generic_float.o(i.forward_pad) referenced 2 times from network.o(.data.hardtanh_23_pad_before_layer)
 <LI><a href="#[5]">forward_pad</a> from layers_generic_float.o(i.forward_pad) referenced 2 times from network.o(.data.hardtanh_25_pad_before_layer)
 <LI><a href="#[5]">forward_pad</a> from layers_generic_float.o(i.forward_pad) referenced 2 times from network.o(.data.hardtanh_27_pad_before_layer)
 <LI><a href="#[5]">forward_pad</a> from layers_generic_float.o(i.forward_pad) referenced 2 times from network.o(.data.hardtanh_29_pad_before_layer)
 <LI><a href="#[5]">forward_pad</a> from layers_generic_float.o(i.forward_pad) referenced 2 times from network.o(.data.hardtanh_31_pad_before_layer)
 <LI><a href="#[5]">forward_pad</a> from layers_generic_float.o(i.forward_pad) referenced 2 times from network.o(.data.hardtanh_33_pad_before_layer)
 <LI><a href="#[5]">forward_pad</a> from layers_generic_float.o(i.forward_pad) referenced 2 times from network.o(.data.hardtanh_3_pad_before_layer)
 <LI><a href="#[5]">forward_pad</a> from layers_generic_float.o(i.forward_pad) referenced 2 times from network.o(.data.hardtanh_5_pad_before_layer)
 <LI><a href="#[5]">forward_pad</a> from layers_generic_float.o(i.forward_pad) referenced 2 times from network.o(.data.hardtanh_7_pad_before_layer)
 <LI><a href="#[5]">forward_pad</a> from layers_generic_float.o(i.forward_pad) referenced 2 times from network.o(.data.hardtanh_9_pad_before_layer)
 <LI><a href="#[3]">forward_pw_sssa8_ch</a> from layers_pw_sssa8_ch.o(i.forward_pw_sssa8_ch) referenced 2 times from network.o(.data.getitem_105_layer)
 <LI><a href="#[3]">forward_pw_sssa8_ch</a> from layers_pw_sssa8_ch.o(i.forward_pw_sssa8_ch) referenced 2 times from network.o(.data.getitem_114_layer)
 <LI><a href="#[3]">forward_pw_sssa8_ch</a> from layers_pw_sssa8_ch.o(i.forward_pw_sssa8_ch) referenced 2 times from network.o(.data.getitem_123_layer)
 <LI><a href="#[3]">forward_pw_sssa8_ch</a> from layers_pw_sssa8_ch.o(i.forward_pw_sssa8_ch) referenced 2 times from network.o(.data.getitem_132_layer)
 <LI><a href="#[3]">forward_pw_sssa8_ch</a> from layers_pw_sssa8_ch.o(i.forward_pw_sssa8_ch) referenced 2 times from network.o(.data.getitem_141_layer)
 <LI><a href="#[3]">forward_pw_sssa8_ch</a> from layers_pw_sssa8_ch.o(i.forward_pw_sssa8_ch) referenced 2 times from network.o(.data.getitem_150_layer)
 <LI><a href="#[3]">forward_pw_sssa8_ch</a> from layers_pw_sssa8_ch.o(i.forward_pw_sssa8_ch) referenced 2 times from network.o(.data.getitem_15_layer)
 <LI><a href="#[3]">forward_pw_sssa8_ch</a> from layers_pw_sssa8_ch.o(i.forward_pw_sssa8_ch) referenced 2 times from network.o(.data.getitem_24_layer)
 <LI><a href="#[3]">forward_pw_sssa8_ch</a> from layers_pw_sssa8_ch.o(i.forward_pw_sssa8_ch) referenced 2 times from network.o(.data.getitem_33_layer)
 <LI><a href="#[3]">forward_pw_sssa8_ch</a> from layers_pw_sssa8_ch.o(i.forward_pw_sssa8_ch) referenced 2 times from network.o(.data.getitem_42_layer)
 <LI><a href="#[3]">forward_pw_sssa8_ch</a> from layers_pw_sssa8_ch.o(i.forward_pw_sssa8_ch) referenced 2 times from network.o(.data.getitem_51_layer)
 <LI><a href="#[3]">forward_pw_sssa8_ch</a> from layers_pw_sssa8_ch.o(i.forward_pw_sssa8_ch) referenced 2 times from network.o(.data.getitem_60_layer)
 <LI><a href="#[3]">forward_pw_sssa8_ch</a> from layers_pw_sssa8_ch.o(i.forward_pw_sssa8_ch) referenced 2 times from network.o(.data.getitem_69_layer)
 <LI><a href="#[3]">forward_pw_sssa8_ch</a> from layers_pw_sssa8_ch.o(i.forward_pw_sssa8_ch) referenced 2 times from network.o(.data.getitem_6_layer)
 <LI><a href="#[3]">forward_pw_sssa8_ch</a> from layers_pw_sssa8_ch.o(i.forward_pw_sssa8_ch) referenced 2 times from network.o(.data.getitem_78_layer)
 <LI><a href="#[3]">forward_pw_sssa8_ch</a> from layers_pw_sssa8_ch.o(i.forward_pw_sssa8_ch) referenced 2 times from network.o(.data.getitem_87_layer)
 <LI><a href="#[3]">forward_pw_sssa8_ch</a> from layers_pw_sssa8_ch.o(i.forward_pw_sssa8_ch) referenced 2 times from network.o(.data.getitem_96_layer)
 <LI><a href="#[3]">forward_pw_sssa8_ch</a> from layers_pw_sssa8_ch.o(i.forward_pw_sssa8_ch) referenced 2 times from network.o(.data.hardtanh_10_layer)
 <LI><a href="#[3]">forward_pw_sssa8_ch</a> from layers_pw_sssa8_ch.o(i.forward_pw_sssa8_ch) referenced 2 times from network.o(.data.hardtanh_12_layer)
 <LI><a href="#[3]">forward_pw_sssa8_ch</a> from layers_pw_sssa8_ch.o(i.forward_pw_sssa8_ch) referenced 2 times from network.o(.data.hardtanh_14_layer)
 <LI><a href="#[3]">forward_pw_sssa8_ch</a> from layers_pw_sssa8_ch.o(i.forward_pw_sssa8_ch) referenced 2 times from network.o(.data.hardtanh_16_layer)
 <LI><a href="#[3]">forward_pw_sssa8_ch</a> from layers_pw_sssa8_ch.o(i.forward_pw_sssa8_ch) referenced 2 times from network.o(.data.hardtanh_18_layer)
 <LI><a href="#[3]">forward_pw_sssa8_ch</a> from layers_pw_sssa8_ch.o(i.forward_pw_sssa8_ch) referenced 2 times from network.o(.data.hardtanh_20_layer)
 <LI><a href="#[3]">forward_pw_sssa8_ch</a> from layers_pw_sssa8_ch.o(i.forward_pw_sssa8_ch) referenced 2 times from network.o(.data.hardtanh_22_layer)
 <LI><a href="#[3]">forward_pw_sssa8_ch</a> from layers_pw_sssa8_ch.o(i.forward_pw_sssa8_ch) referenced 2 times from network.o(.data.hardtanh_24_layer)
 <LI><a href="#[3]">forward_pw_sssa8_ch</a> from layers_pw_sssa8_ch.o(i.forward_pw_sssa8_ch) referenced 2 times from network.o(.data.hardtanh_26_layer)
 <LI><a href="#[3]">forward_pw_sssa8_ch</a> from layers_pw_sssa8_ch.o(i.forward_pw_sssa8_ch) referenced 2 times from network.o(.data.hardtanh_28_layer)
 <LI><a href="#[3]">forward_pw_sssa8_ch</a> from layers_pw_sssa8_ch.o(i.forward_pw_sssa8_ch) referenced 2 times from network.o(.data.hardtanh_2_layer)
 <LI><a href="#[3]">forward_pw_sssa8_ch</a> from layers_pw_sssa8_ch.o(i.forward_pw_sssa8_ch) referenced 2 times from network.o(.data.hardtanh_30_layer)
 <LI><a href="#[3]">forward_pw_sssa8_ch</a> from layers_pw_sssa8_ch.o(i.forward_pw_sssa8_ch) referenced 2 times from network.o(.data.hardtanh_32_layer)
 <LI><a href="#[3]">forward_pw_sssa8_ch</a> from layers_pw_sssa8_ch.o(i.forward_pw_sssa8_ch) referenced 2 times from network.o(.data.hardtanh_34_layer)
 <LI><a href="#[3]">forward_pw_sssa8_ch</a> from layers_pw_sssa8_ch.o(i.forward_pw_sssa8_ch) referenced 2 times from network.o(.data.hardtanh_4_layer)
 <LI><a href="#[3]">forward_pw_sssa8_ch</a> from layers_pw_sssa8_ch.o(i.forward_pw_sssa8_ch) referenced 2 times from network.o(.data.hardtanh_6_layer)
 <LI><a href="#[3]">forward_pw_sssa8_ch</a> from layers_pw_sssa8_ch.o(i.forward_pw_sssa8_ch) referenced 2 times from network.o(.data.hardtanh_8_layer)
 <LI><a href="#[b]">forward_reduce</a> from layers_generic_float.o(i.forward_reduce) referenced 2 times from network.o(.data.mean_layer)
 <LI><a href="#[9]">forward_transpose</a> from layers_generic_float.o(i.forward_transpose) referenced 2 times from network.o(.data.input_Transpose_layer)
 <LI><a href="#[b7]">fputc</a> from usart.o(.text.fputc) referenced from printfa.o(i.__0printf)
 <LI><a href="#[a1]">main</a> from main.o(.text.main) referenced from entry9a.o(.ARM.Collect$$$$0000000B)
 <LI><a href="#[a6]">mx25um25645g_erase_block</a> from norflash_mx25um25645g.o(.text.mx25um25645g_erase_block) referenced from norflash_mx25um25645g.o(.rodata.norflash_mx25um25645g)
 <LI><a href="#[a5]">mx25um25645g_erase_chip</a> from norflash_mx25um25645g.o(.text.mx25um25645g_erase_chip) referenced from norflash_mx25um25645g.o(.rodata.norflash_mx25um25645g)
 <LI><a href="#[a7]">mx25um25645g_erase_sector</a> from norflash_mx25um25645g.o(.text.mx25um25645g_erase_sector) referenced from norflash_mx25um25645g.o(.rodata.norflash_mx25um25645g)
 <LI><a href="#[a4]">mx25um25645g_init</a> from norflash_mx25um25645g.o(.text.mx25um25645g_init) referenced from norflash_mx25um25645g.o(.rodata.norflash_mx25um25645g)
 <LI><a href="#[aa]">mx25um25645g_memory_mapped</a> from norflash_mx25um25645g.o(.text.mx25um25645g_memory_mapped) referenced from norflash_mx25um25645g.o(.rodata.norflash_mx25um25645g)
 <LI><a href="#[a8]">mx25um25645g_program_page</a> from norflash_mx25um25645g.o(.text.mx25um25645g_program_page) referenced from norflash_mx25um25645g.o(.rodata.norflash_mx25um25645g)
 <LI><a href="#[a9]">mx25um25645g_read</a> from norflash_mx25um25645g.o(.text.mx25um25645g_read) referenced from norflash_mx25um25645g.o(.rodata.norflash_mx25um25645g)
 <LI><a href="#[7]">node_convert</a> from core_convert.o(i.node_convert) referenced 2 times from network.o(.data.hardtanh_34_0_0_mean_conversion_layer)
 <LI><a href="#[7]">node_convert</a> from core_convert.o(i.node_convert) referenced 2 times from network.o(.data.mean_Mul_0_0_view_conversion_layer)
 <LI><a href="#[ad]">w25q128_dual_erase_block</a> from norflash_w25q128_dual.o(.text.w25q128_dual_erase_block) referenced from norflash_w25q128_dual.o(.rodata.norflash_w25q128_dual)
 <LI><a href="#[ac]">w25q128_dual_erase_chip</a> from norflash_w25q128_dual.o(.text.w25q128_dual_erase_chip) referenced from norflash_w25q128_dual.o(.rodata.norflash_w25q128_dual)
 <LI><a href="#[ae]">w25q128_dual_erase_sector</a> from norflash_w25q128_dual.o(.text.w25q128_dual_erase_sector) referenced from norflash_w25q128_dual.o(.rodata.norflash_w25q128_dual)
 <LI><a href="#[ab]">w25q128_dual_init</a> from norflash_w25q128_dual.o(.text.w25q128_dual_init) referenced from norflash_w25q128_dual.o(.rodata.norflash_w25q128_dual)
 <LI><a href="#[b1]">w25q128_dual_memory_mapped</a> from norflash_w25q128_dual.o(.text.w25q128_dual_memory_mapped) referenced from norflash_w25q128_dual.o(.rodata.norflash_w25q128_dual)
 <LI><a href="#[af]">w25q128_dual_program_page</a> from norflash_w25q128_dual.o(.text.w25q128_dual_program_page) referenced from norflash_w25q128_dual.o(.rodata.norflash_w25q128_dual)
 <LI><a href="#[b0]">w25q128_dual_read</a> from norflash_w25q128_dual.o(.text.w25q128_dual_read) referenced from norflash_w25q128_dual.o(.rodata.norflash_w25q128_dual)
</UL>
<P>
<H3>
Global Symbols
</H3>
<P><STRONG><a name="[a3]"></a>__main</STRONG> (Thumb, 0 bytes, Stack size unknown bytes, entry.o(.ARM.Collect$$$$00000000))
<BR>[Address Reference Count : 1]<UL><LI> startup_stm32h7r3xx.o(.text)
</UL>
<P><STRONG><a name="[1ed]"></a>_main_stk</STRONG> (Thumb, 0 bytes, Stack size unknown bytes, entry2.o(.ARM.Collect$$$$00000001))

<P><STRONG><a name="[b9]"></a>_main_scatterload</STRONG> (Thumb, 0 bytes, Stack size unknown bytes, entry5.o(.ARM.Collect$$$$00000004))
<BR><BR>[Calls]<UL><LI><a href="#[ba]">&gt;&gt;</a>&nbsp;&nbsp;&nbsp;__scatterload
</UL>

<P><STRONG><a name="[be]"></a>__main_after_scatterload</STRONG> (Thumb, 0 bytes, Stack size unknown bytes, entry5.o(.ARM.Collect$$$$00000004))
<BR><BR>[Called By]<UL><LI><a href="#[ba]">&gt;&gt;</a>&nbsp;&nbsp;&nbsp;__scatterload
</UL>

<P><STRONG><a name="[1ee]"></a>_main_clock</STRONG> (Thumb, 0 bytes, Stack size unknown bytes, entry7b.o(.ARM.Collect$$$$00000008))

<P><STRONG><a name="[1ef]"></a>_main_cpp_init</STRONG> (Thumb, 0 bytes, Stack size unknown bytes, entry8b.o(.ARM.Collect$$$$0000000A))

<P><STRONG><a name="[1f0]"></a>_main_init</STRONG> (Thumb, 0 bytes, Stack size unknown bytes, entry9a.o(.ARM.Collect$$$$0000000B))

<P><STRONG><a name="[1f1]"></a>__rt_final_cpp</STRONG> (Thumb, 0 bytes, Stack size unknown bytes, entry10a.o(.ARM.Collect$$$$0000000D))

<P><STRONG><a name="[1f2]"></a>__rt_final_exit</STRONG> (Thumb, 0 bytes, Stack size unknown bytes, entry11a.o(.ARM.Collect$$$$0000000F))

<P><STRONG><a name="[e]"></a>Reset_Handler</STRONG> (Thumb, 8 bytes, Stack size 0 bytes, startup_stm32h7r3xx.o(.text))
<BR>[Address Reference Count : 1]<UL><LI> startup_stm32h7r3xx.o(RESET)
</UL>
<P><STRONG><a name="[35]"></a>ADC1_2_IRQHandler</STRONG> (Thumb, 0 bytes, Stack size 0 bytes, startup_stm32h7r3xx.o(.text))
<BR><BR>[Calls]<UL><LI><a href="#[35]">&gt;&gt;</a>&nbsp;&nbsp;&nbsp;ADC1_2_IRQHandler
</UL>
<BR>[Called By]<UL><LI><a href="#[35]">&gt;&gt;</a>&nbsp;&nbsp;&nbsp;ADC1_2_IRQHandler
</UL>
<BR>[Address Reference Count : 1]<UL><LI> startup_stm32h7r3xx.o(RESET)
</UL>
<P><STRONG><a name="[86]"></a>ADF1_FLT0_IRQHandler</STRONG> (Thumb, 0 bytes, Stack size 0 bytes, startup_stm32h7r3xx.o(.text))
<BR>[Address Reference Count : 1]<UL><LI> startup_stm32h7r3xx.o(RESET)
</UL>
<P><STRONG><a name="[89]"></a>CEC_IRQHandler</STRONG> (Thumb, 0 bytes, Stack size 0 bytes, startup_stm32h7r3xx.o(.text))
<BR>[Address Reference Count : 1]<UL><LI> startup_stm32h7r3xx.o(RESET)
</UL>
<P><STRONG><a name="[6c]"></a>CORDIC_IRQHandler</STRONG> (Thumb, 0 bytes, Stack size 0 bytes, startup_stm32h7r3xx.o(.text))
<BR>[Address Reference Count : 1]<UL><LI> startup_stm32h7r3xx.o(RESET)
</UL>
<P><STRONG><a name="[87]"></a>CRS_IRQHandler</STRONG> (Thumb, 0 bytes, Stack size 0 bytes, startup_stm32h7r3xx.o(.text))
<BR>[Address Reference Count : 1]<UL><LI> startup_stm32h7r3xx.o(RESET)
</UL>
<P><STRONG><a name="[6f]"></a>DMA2D_IRQHandler</STRONG> (Thumb, 0 bytes, Stack size 0 bytes, startup_stm32h7r3xx.o(.text))
<BR>[Address Reference Count : 1]<UL><LI> startup_stm32h7r3xx.o(RESET)
</UL>
<P><STRONG><a name="[19]"></a>DTS_IRQHandler</STRONG> (Thumb, 0 bytes, Stack size 0 bytes, startup_stm32h7r3xx.o(.text))
<BR>[Address Reference Count : 1]<UL><LI> startup_stm32h7r3xx.o(RESET)
</UL>
<P><STRONG><a name="[6b]"></a>ETH_IRQHandler</STRONG> (Thumb, 0 bytes, Stack size 0 bytes, startup_stm32h7r3xx.o(.text))
<BR>[Address Reference Count : 1]<UL><LI> startup_stm32h7r3xx.o(RESET)
</UL>
<P><STRONG><a name="[21]"></a>EXTI0_IRQHandler</STRONG> (Thumb, 0 bytes, Stack size 0 bytes, startup_stm32h7r3xx.o(.text))
<BR>[Address Reference Count : 1]<UL><LI> startup_stm32h7r3xx.o(RESET)
</UL>
<P><STRONG><a name="[2b]"></a>EXTI10_IRQHandler</STRONG> (Thumb, 0 bytes, Stack size 0 bytes, startup_stm32h7r3xx.o(.text))
<BR>[Address Reference Count : 1]<UL><LI> startup_stm32h7r3xx.o(RESET)
</UL>
<P><STRONG><a name="[2c]"></a>EXTI11_IRQHandler</STRONG> (Thumb, 0 bytes, Stack size 0 bytes, startup_stm32h7r3xx.o(.text))
<BR>[Address Reference Count : 1]<UL><LI> startup_stm32h7r3xx.o(RESET)
</UL>
<P><STRONG><a name="[2d]"></a>EXTI12_IRQHandler</STRONG> (Thumb, 0 bytes, Stack size 0 bytes, startup_stm32h7r3xx.o(.text))
<BR>[Address Reference Count : 1]<UL><LI> startup_stm32h7r3xx.o(RESET)
</UL>
<P><STRONG><a name="[2e]"></a>EXTI13_IRQHandler</STRONG> (Thumb, 0 bytes, Stack size 0 bytes, startup_stm32h7r3xx.o(.text))
<BR>[Address Reference Count : 1]<UL><LI> startup_stm32h7r3xx.o(RESET)
</UL>
<P><STRONG><a name="[2f]"></a>EXTI14_IRQHandler</STRONG> (Thumb, 0 bytes, Stack size 0 bytes, startup_stm32h7r3xx.o(.text))
<BR>[Address Reference Count : 1]<UL><LI> startup_stm32h7r3xx.o(RESET)
</UL>
<P><STRONG><a name="[30]"></a>EXTI15_IRQHandler</STRONG> (Thumb, 0 bytes, Stack size 0 bytes, startup_stm32h7r3xx.o(.text))
<BR>[Address Reference Count : 1]<UL><LI> startup_stm32h7r3xx.o(RESET)
</UL>
<P><STRONG><a name="[22]"></a>EXTI1_IRQHandler</STRONG> (Thumb, 0 bytes, Stack size 0 bytes, startup_stm32h7r3xx.o(.text))
<BR>[Address Reference Count : 1]<UL><LI> startup_stm32h7r3xx.o(RESET)
</UL>
<P><STRONG><a name="[23]"></a>EXTI2_IRQHandler</STRONG> (Thumb, 0 bytes, Stack size 0 bytes, startup_stm32h7r3xx.o(.text))
<BR>[Address Reference Count : 1]<UL><LI> startup_stm32h7r3xx.o(RESET)
</UL>
<P><STRONG><a name="[24]"></a>EXTI3_IRQHandler</STRONG> (Thumb, 0 bytes, Stack size 0 bytes, startup_stm32h7r3xx.o(.text))
<BR>[Address Reference Count : 1]<UL><LI> startup_stm32h7r3xx.o(RESET)
</UL>
<P><STRONG><a name="[25]"></a>EXTI4_IRQHandler</STRONG> (Thumb, 0 bytes, Stack size 0 bytes, startup_stm32h7r3xx.o(.text))
<BR>[Address Reference Count : 1]<UL><LI> startup_stm32h7r3xx.o(RESET)
</UL>
<P><STRONG><a name="[26]"></a>EXTI5_IRQHandler</STRONG> (Thumb, 0 bytes, Stack size 0 bytes, startup_stm32h7r3xx.o(.text))
<BR>[Address Reference Count : 1]<UL><LI> startup_stm32h7r3xx.o(RESET)
</UL>
<P><STRONG><a name="[27]"></a>EXTI6_IRQHandler</STRONG> (Thumb, 0 bytes, Stack size 0 bytes, startup_stm32h7r3xx.o(.text))
<BR>[Address Reference Count : 1]<UL><LI> startup_stm32h7r3xx.o(RESET)
</UL>
<P><STRONG><a name="[28]"></a>EXTI7_IRQHandler</STRONG> (Thumb, 0 bytes, Stack size 0 bytes, startup_stm32h7r3xx.o(.text))
<BR>[Address Reference Count : 1]<UL><LI> startup_stm32h7r3xx.o(RESET)
</UL>
<P><STRONG><a name="[29]"></a>EXTI8_IRQHandler</STRONG> (Thumb, 0 bytes, Stack size 0 bytes, startup_stm32h7r3xx.o(.text))
<BR>[Address Reference Count : 1]<UL><LI> startup_stm32h7r3xx.o(RESET)
</UL>
<P><STRONG><a name="[2a]"></a>EXTI9_IRQHandler</STRONG> (Thumb, 0 bytes, Stack size 0 bytes, startup_stm32h7r3xx.o(.text))
<BR>[Address Reference Count : 1]<UL><LI> startup_stm32h7r3xx.o(RESET)
</UL>
<P><STRONG><a name="[9d]"></a>FDCAN1_IT0_IRQHandler</STRONG> (Thumb, 0 bytes, Stack size 0 bytes, startup_stm32h7r3xx.o(.text))
<BR>[Address Reference Count : 1]<UL><LI> startup_stm32h7r3xx.o(RESET)
</UL>
<P><STRONG><a name="[9e]"></a>FDCAN1_IT1_IRQHandler</STRONG> (Thumb, 0 bytes, Stack size 0 bytes, startup_stm32h7r3xx.o(.text))
<BR>[Address Reference Count : 1]<UL><LI> startup_stm32h7r3xx.o(RESET)
</UL>
<P><STRONG><a name="[9f]"></a>FDCAN2_IT0_IRQHandler</STRONG> (Thumb, 0 bytes, Stack size 0 bytes, startup_stm32h7r3xx.o(.text))
<BR>[Address Reference Count : 1]<UL><LI> startup_stm32h7r3xx.o(RESET)
</UL>
<P><STRONG><a name="[a0]"></a>FDCAN2_IT1_IRQHandler</STRONG> (Thumb, 0 bytes, Stack size 0 bytes, startup_stm32h7r3xx.o(.text))
<BR>[Address Reference Count : 1]<UL><LI> startup_stm32h7r3xx.o(RESET)
</UL>
<P><STRONG><a name="[1d]"></a>FLASH_IRQHandler</STRONG> (Thumb, 0 bytes, Stack size 0 bytes, startup_stm32h7r3xx.o(.text))
<BR>[Address Reference Count : 1]<UL><LI> startup_stm32h7r3xx.o(RESET)
</UL>
<P><STRONG><a name="[75]"></a>FMC_IRQHandler</STRONG> (Thumb, 0 bytes, Stack size 0 bytes, startup_stm32h7r3xx.o(.text))
<BR>[Address Reference Count : 1]<UL><LI> startup_stm32h7r3xx.o(RESET)
</UL>
<P><STRONG><a name="[1f]"></a>FPU_IRQHandler</STRONG> (Thumb, 0 bytes, Stack size 0 bytes, startup_stm32h7r3xx.o(.text))
<BR>[Address Reference Count : 1]<UL><LI> startup_stm32h7r3xx.o(RESET)
</UL>
<P><STRONG><a name="[71]"></a>GFXMMU_IRQHandler</STRONG> (Thumb, 0 bytes, Stack size 0 bytes, startup_stm32h7r3xx.o(.text))
<BR>[Address Reference Count : 1]<UL><LI> startup_stm32h7r3xx.o(RESET)
</UL>
<P><STRONG><a name="[6d]"></a>GFXTIM_IRQHandler</STRONG> (Thumb, 0 bytes, Stack size 0 bytes, startup_stm32h7r3xx.o(.text))
<BR>[Address Reference Count : 1]<UL><LI> startup_stm32h7r3xx.o(RESET)
</UL>
<P><STRONG><a name="[36]"></a>GPDMA1_Channel0_IRQHandler</STRONG> (Thumb, 0 bytes, Stack size 0 bytes, startup_stm32h7r3xx.o(.text))
<BR>[Address Reference Count : 1]<UL><LI> startup_stm32h7r3xx.o(RESET)
</UL>
<P><STRONG><a name="[8f]"></a>GPDMA1_Channel10_IRQHandler</STRONG> (Thumb, 0 bytes, Stack size 0 bytes, startup_stm32h7r3xx.o(.text))
<BR>[Address Reference Count : 1]<UL><LI> startup_stm32h7r3xx.o(RESET)
</UL>
<P><STRONG><a name="[90]"></a>GPDMA1_Channel11_IRQHandler</STRONG> (Thumb, 0 bytes, Stack size 0 bytes, startup_stm32h7r3xx.o(.text))
<BR>[Address Reference Count : 1]<UL><LI> startup_stm32h7r3xx.o(RESET)
</UL>
<P><STRONG><a name="[91]"></a>GPDMA1_Channel12_IRQHandler</STRONG> (Thumb, 0 bytes, Stack size 0 bytes, startup_stm32h7r3xx.o(.text))
<BR>[Address Reference Count : 1]<UL><LI> startup_stm32h7r3xx.o(RESET)
</UL>
<P><STRONG><a name="[92]"></a>GPDMA1_Channel13_IRQHandler</STRONG> (Thumb, 0 bytes, Stack size 0 bytes, startup_stm32h7r3xx.o(.text))
<BR>[Address Reference Count : 1]<UL><LI> startup_stm32h7r3xx.o(RESET)
</UL>
<P><STRONG><a name="[93]"></a>GPDMA1_Channel14_IRQHandler</STRONG> (Thumb, 0 bytes, Stack size 0 bytes, startup_stm32h7r3xx.o(.text))
<BR>[Address Reference Count : 1]<UL><LI> startup_stm32h7r3xx.o(RESET)
</UL>
<P><STRONG><a name="[94]"></a>GPDMA1_Channel15_IRQHandler</STRONG> (Thumb, 0 bytes, Stack size 0 bytes, startup_stm32h7r3xx.o(.text))
<BR>[Address Reference Count : 1]<UL><LI> startup_stm32h7r3xx.o(RESET)
</UL>
<P><STRONG><a name="[37]"></a>GPDMA1_Channel1_IRQHandler</STRONG> (Thumb, 0 bytes, Stack size 0 bytes, startup_stm32h7r3xx.o(.text))
<BR>[Address Reference Count : 1]<UL><LI> startup_stm32h7r3xx.o(RESET)
</UL>
<P><STRONG><a name="[38]"></a>GPDMA1_Channel2_IRQHandler</STRONG> (Thumb, 0 bytes, Stack size 0 bytes, startup_stm32h7r3xx.o(.text))
<BR>[Address Reference Count : 1]<UL><LI> startup_stm32h7r3xx.o(RESET)
</UL>
<P><STRONG><a name="[39]"></a>GPDMA1_Channel3_IRQHandler</STRONG> (Thumb, 0 bytes, Stack size 0 bytes, startup_stm32h7r3xx.o(.text))
<BR>[Address Reference Count : 1]<UL><LI> startup_stm32h7r3xx.o(RESET)
</UL>
<P><STRONG><a name="[3a]"></a>GPDMA1_Channel4_IRQHandler</STRONG> (Thumb, 0 bytes, Stack size 0 bytes, startup_stm32h7r3xx.o(.text))
<BR>[Address Reference Count : 1]<UL><LI> startup_stm32h7r3xx.o(RESET)
</UL>
<P><STRONG><a name="[3b]"></a>GPDMA1_Channel5_IRQHandler</STRONG> (Thumb, 0 bytes, Stack size 0 bytes, startup_stm32h7r3xx.o(.text))
<BR>[Address Reference Count : 1]<UL><LI> startup_stm32h7r3xx.o(RESET)
</UL>
<P><STRONG><a name="[3c]"></a>GPDMA1_Channel6_IRQHandler</STRONG> (Thumb, 0 bytes, Stack size 0 bytes, startup_stm32h7r3xx.o(.text))
<BR>[Address Reference Count : 1]<UL><LI> startup_stm32h7r3xx.o(RESET)
</UL>
<P><STRONG><a name="[3d]"></a>GPDMA1_Channel7_IRQHandler</STRONG> (Thumb, 0 bytes, Stack size 0 bytes, startup_stm32h7r3xx.o(.text))
<BR>[Address Reference Count : 1]<UL><LI> startup_stm32h7r3xx.o(RESET)
</UL>
<P><STRONG><a name="[8d]"></a>GPDMA1_Channel8_IRQHandler</STRONG> (Thumb, 0 bytes, Stack size 0 bytes, startup_stm32h7r3xx.o(.text))
<BR>[Address Reference Count : 1]<UL><LI> startup_stm32h7r3xx.o(RESET)
</UL>
<P><STRONG><a name="[8e]"></a>GPDMA1_Channel9_IRQHandler</STRONG> (Thumb, 0 bytes, Stack size 0 bytes, startup_stm32h7r3xx.o(.text))
<BR>[Address Reference Count : 1]<UL><LI> startup_stm32h7r3xx.o(RESET)
</UL>
<P><STRONG><a name="[33]"></a>HASH_IRQHandler</STRONG> (Thumb, 0 bytes, Stack size 0 bytes, startup_stm32h7r3xx.o(.text))
<BR>[Address Reference Count : 1]<UL><LI> startup_stm32h7r3xx.o(RESET)
</UL>
<P><STRONG><a name="[4f]"></a>HPDMA1_Channel0_IRQHandler</STRONG> (Thumb, 0 bytes, Stack size 0 bytes, startup_stm32h7r3xx.o(.text))
<BR>[Address Reference Count : 1]<UL><LI> startup_stm32h7r3xx.o(RESET)
</UL>
<P><STRONG><a name="[97]"></a>HPDMA1_Channel10_IRQHandler</STRONG> (Thumb, 0 bytes, Stack size 0 bytes, startup_stm32h7r3xx.o(.text))
<BR>[Address Reference Count : 1]<UL><LI> startup_stm32h7r3xx.o(RESET)
</UL>
<P><STRONG><a name="[98]"></a>HPDMA1_Channel11_IRQHandler</STRONG> (Thumb, 0 bytes, Stack size 0 bytes, startup_stm32h7r3xx.o(.text))
<BR>[Address Reference Count : 1]<UL><LI> startup_stm32h7r3xx.o(RESET)
</UL>
<P><STRONG><a name="[99]"></a>HPDMA1_Channel12_IRQHandler</STRONG> (Thumb, 0 bytes, Stack size 0 bytes, startup_stm32h7r3xx.o(.text))
<BR>[Address Reference Count : 1]<UL><LI> startup_stm32h7r3xx.o(RESET)
</UL>
<P><STRONG><a name="[9a]"></a>HPDMA1_Channel13_IRQHandler</STRONG> (Thumb, 0 bytes, Stack size 0 bytes, startup_stm32h7r3xx.o(.text))
<BR>[Address Reference Count : 1]<UL><LI> startup_stm32h7r3xx.o(RESET)
</UL>
<P><STRONG><a name="[9b]"></a>HPDMA1_Channel14_IRQHandler</STRONG> (Thumb, 0 bytes, Stack size 0 bytes, startup_stm32h7r3xx.o(.text))
<BR>[Address Reference Count : 1]<UL><LI> startup_stm32h7r3xx.o(RESET)
</UL>
<P><STRONG><a name="[9c]"></a>HPDMA1_Channel15_IRQHandler</STRONG> (Thumb, 0 bytes, Stack size 0 bytes, startup_stm32h7r3xx.o(.text))
<BR>[Address Reference Count : 1]<UL><LI> startup_stm32h7r3xx.o(RESET)
</UL>
<P><STRONG><a name="[50]"></a>HPDMA1_Channel1_IRQHandler</STRONG> (Thumb, 0 bytes, Stack size 0 bytes, startup_stm32h7r3xx.o(.text))
<BR>[Address Reference Count : 1]<UL><LI> startup_stm32h7r3xx.o(RESET)
</UL>
<P><STRONG><a name="[51]"></a>HPDMA1_Channel2_IRQHandler</STRONG> (Thumb, 0 bytes, Stack size 0 bytes, startup_stm32h7r3xx.o(.text))
<BR>[Address Reference Count : 1]<UL><LI> startup_stm32h7r3xx.o(RESET)
</UL>
<P><STRONG><a name="[52]"></a>HPDMA1_Channel3_IRQHandler</STRONG> (Thumb, 0 bytes, Stack size 0 bytes, startup_stm32h7r3xx.o(.text))
<BR>[Address Reference Count : 1]<UL><LI> startup_stm32h7r3xx.o(RESET)
</UL>
<P><STRONG><a name="[53]"></a>HPDMA1_Channel4_IRQHandler</STRONG> (Thumb, 0 bytes, Stack size 0 bytes, startup_stm32h7r3xx.o(.text))
<BR>[Address Reference Count : 1]<UL><LI> startup_stm32h7r3xx.o(RESET)
</UL>
<P><STRONG><a name="[54]"></a>HPDMA1_Channel5_IRQHandler</STRONG> (Thumb, 0 bytes, Stack size 0 bytes, startup_stm32h7r3xx.o(.text))
<BR>[Address Reference Count : 1]<UL><LI> startup_stm32h7r3xx.o(RESET)
</UL>
<P><STRONG><a name="[55]"></a>HPDMA1_Channel6_IRQHandler</STRONG> (Thumb, 0 bytes, Stack size 0 bytes, startup_stm32h7r3xx.o(.text))
<BR>[Address Reference Count : 1]<UL><LI> startup_stm32h7r3xx.o(RESET)
</UL>
<P><STRONG><a name="[56]"></a>HPDMA1_Channel7_IRQHandler</STRONG> (Thumb, 0 bytes, Stack size 0 bytes, startup_stm32h7r3xx.o(.text))
<BR>[Address Reference Count : 1]<UL><LI> startup_stm32h7r3xx.o(RESET)
</UL>
<P><STRONG><a name="[95]"></a>HPDMA1_Channel8_IRQHandler</STRONG> (Thumb, 0 bytes, Stack size 0 bytes, startup_stm32h7r3xx.o(.text))
<BR>[Address Reference Count : 1]<UL><LI> startup_stm32h7r3xx.o(RESET)
</UL>
<P><STRONG><a name="[96]"></a>HPDMA1_Channel9_IRQHandler</STRONG> (Thumb, 0 bytes, Stack size 0 bytes, startup_stm32h7r3xx.o(.text))
<BR>[Address Reference Count : 1]<UL><LI> startup_stm32h7r3xx.o(RESET)
</UL>
<P><STRONG><a name="[5c]"></a>I2C1_ER_IRQHandler</STRONG> (Thumb, 0 bytes, Stack size 0 bytes, startup_stm32h7r3xx.o(.text))
<BR>[Address Reference Count : 1]<UL><LI> startup_stm32h7r3xx.o(RESET)
</UL>
<P><STRONG><a name="[5b]"></a>I2C1_EV_IRQHandler</STRONG> (Thumb, 0 bytes, Stack size 0 bytes, startup_stm32h7r3xx.o(.text))
<BR>[Address Reference Count : 1]<UL><LI> startup_stm32h7r3xx.o(RESET)
</UL>
<P><STRONG><a name="[5e]"></a>I2C2_ER_IRQHandler</STRONG> (Thumb, 0 bytes, Stack size 0 bytes, startup_stm32h7r3xx.o(.text))
<BR>[Address Reference Count : 1]<UL><LI> startup_stm32h7r3xx.o(RESET)
</UL>
<P><STRONG><a name="[5d]"></a>I2C2_EV_IRQHandler</STRONG> (Thumb, 0 bytes, Stack size 0 bytes, startup_stm32h7r3xx.o(.text))
<BR>[Address Reference Count : 1]<UL><LI> startup_stm32h7r3xx.o(RESET)
</UL>
<P><STRONG><a name="[60]"></a>I2C3_ER_IRQHandler</STRONG> (Thumb, 0 bytes, Stack size 0 bytes, startup_stm32h7r3xx.o(.text))
<BR>[Address Reference Count : 1]<UL><LI> startup_stm32h7r3xx.o(RESET)
</UL>
<P><STRONG><a name="[5f]"></a>I2C3_EV_IRQHandler</STRONG> (Thumb, 0 bytes, Stack size 0 bytes, startup_stm32h7r3xx.o(.text))
<BR>[Address Reference Count : 1]<UL><LI> startup_stm32h7r3xx.o(RESET)
</UL>
<P><STRONG><a name="[69]"></a>I3C1_ER_IRQHandler</STRONG> (Thumb, 0 bytes, Stack size 0 bytes, startup_stm32h7r3xx.o(.text))
<BR>[Address Reference Count : 1]<UL><LI> startup_stm32h7r3xx.o(RESET)
</UL>
<P><STRONG><a name="[68]"></a>I3C1_EV_IRQHandler</STRONG> (Thumb, 0 bytes, Stack size 0 bytes, startup_stm32h7r3xx.o(.text))
<BR>[Address Reference Count : 1]<UL><LI> startup_stm32h7r3xx.o(RESET)
</UL>
<P><STRONG><a name="[72]"></a>I3C1_WKUP_IRQHandler</STRONG> (Thumb, 0 bytes, Stack size 0 bytes, startup_stm32h7r3xx.o(.text))
<BR>[Address Reference Count : 1]<UL><LI> startup_stm32h7r3xx.o(RESET)
</UL>
<P><STRONG><a name="[1a]"></a>IWDG_IRQHandler</STRONG> (Thumb, 0 bytes, Stack size 0 bytes, startup_stm32h7r3xx.o(.text))
<BR>[Address Reference Count : 1]<UL><LI> startup_stm32h7r3xx.o(RESET)
</UL>
<P><STRONG><a name="[70]"></a>JPEG_IRQHandler</STRONG> (Thumb, 0 bytes, Stack size 0 bytes, startup_stm32h7r3xx.o(.text))
<BR>[Address Reference Count : 1]<UL><LI> startup_stm32h7r3xx.o(RESET)
</UL>
<P><STRONG><a name="[7f]"></a>LPTIM1_IRQHandler</STRONG> (Thumb, 0 bytes, Stack size 0 bytes, startup_stm32h7r3xx.o(.text))
<BR>[Address Reference Count : 1]<UL><LI> startup_stm32h7r3xx.o(RESET)
</UL>
<P><STRONG><a name="[80]"></a>LPTIM2_IRQHandler</STRONG> (Thumb, 0 bytes, Stack size 0 bytes, startup_stm32h7r3xx.o(.text))
<BR>[Address Reference Count : 1]<UL><LI> startup_stm32h7r3xx.o(RESET)
</UL>
<P><STRONG><a name="[81]"></a>LPTIM3_IRQHandler</STRONG> (Thumb, 0 bytes, Stack size 0 bytes, startup_stm32h7r3xx.o(.text))
<BR>[Address Reference Count : 1]<UL><LI> startup_stm32h7r3xx.o(RESET)
</UL>
<P><STRONG><a name="[82]"></a>LPTIM4_IRQHandler</STRONG> (Thumb, 0 bytes, Stack size 0 bytes, startup_stm32h7r3xx.o(.text))
<BR>[Address Reference Count : 1]<UL><LI> startup_stm32h7r3xx.o(RESET)
</UL>
<P><STRONG><a name="[83]"></a>LPTIM5_IRQHandler</STRONG> (Thumb, 0 bytes, Stack size 0 bytes, startup_stm32h7r3xx.o(.text))
<BR>[Address Reference Count : 1]<UL><LI> startup_stm32h7r3xx.o(RESET)
</UL>
<P><STRONG><a name="[8b]"></a>LPUART1_IRQHandler</STRONG> (Thumb, 0 bytes, Stack size 0 bytes, startup_stm32h7r3xx.o(.text))
<BR>[Address Reference Count : 1]<UL><LI> startup_stm32h7r3xx.o(RESET)
</UL>
<P><STRONG><a name="[85]"></a>MDIOS_IRQHandler</STRONG> (Thumb, 0 bytes, Stack size 0 bytes, startup_stm32h7r3xx.o(.text))
<BR>[Address Reference Count : 1]<UL><LI> startup_stm32h7r3xx.o(RESET)
</UL>
<P><STRONG><a name="[78]"></a>OTG_FS_IRQHandler</STRONG> (Thumb, 0 bytes, Stack size 0 bytes, startup_stm32h7r3xx.o(.text))
<BR>[Address Reference Count : 1]<UL><LI> startup_stm32h7r3xx.o(RESET)
</UL>
<P><STRONG><a name="[6a]"></a>OTG_HS_IRQHandler</STRONG> (Thumb, 0 bytes, Stack size 0 bytes, startup_stm32h7r3xx.o(.text))
<BR>[Address Reference Count : 1]<UL><LI> startup_stm32h7r3xx.o(RESET)
</UL>
<P><STRONG><a name="[32]"></a>PKA_IRQHandler</STRONG> (Thumb, 0 bytes, Stack size 0 bytes, startup_stm32h7r3xx.o(.text))
<BR>[Address Reference Count : 1]<UL><LI> startup_stm32h7r3xx.o(RESET)
</UL>
<P><STRONG><a name="[8a]"></a>PSSI_IRQHandler</STRONG> (Thumb, 0 bytes, Stack size 0 bytes, startup_stm32h7r3xx.o(.text))
<BR>[Address Reference Count : 1]<UL><LI> startup_stm32h7r3xx.o(RESET)
</UL>
<P><STRONG><a name="[18]"></a>PVD_PVM_IRQHandler</STRONG> (Thumb, 0 bytes, Stack size 0 bytes, startup_stm32h7r3xx.o(.text))
<BR>[Address Reference Count : 1]<UL><LI> startup_stm32h7r3xx.o(RESET)
</UL>
<P><STRONG><a name="[1e]"></a>RAMECC_IRQHandler</STRONG> (Thumb, 0 bytes, Stack size 0 bytes, startup_stm32h7r3xx.o(.text))
<BR>[Address Reference Count : 1]<UL><LI> startup_stm32h7r3xx.o(RESET)
</UL>
<P><STRONG><a name="[1c]"></a>RCC_IRQHandler</STRONG> (Thumb, 0 bytes, Stack size 0 bytes, startup_stm32h7r3xx.o(.text))
<BR>[Address Reference Count : 1]<UL><LI> startup_stm32h7r3xx.o(RESET)
</UL>
<P><STRONG><a name="[34]"></a>RNG_IRQHandler</STRONG> (Thumb, 0 bytes, Stack size 0 bytes, startup_stm32h7r3xx.o(.text))
<BR>[Address Reference Count : 1]<UL><LI> startup_stm32h7r3xx.o(RESET)
</UL>
<P><STRONG><a name="[31]"></a>RTC_IRQHandler</STRONG> (Thumb, 0 bytes, Stack size 0 bytes, startup_stm32h7r3xx.o(.text))
<BR>[Address Reference Count : 1]<UL><LI> startup_stm32h7r3xx.o(RESET)
</UL>
<P><STRONG><a name="[57]"></a>SAI1_A_IRQHandler</STRONG> (Thumb, 0 bytes, Stack size 0 bytes, startup_stm32h7r3xx.o(.text))
<BR>[Address Reference Count : 1]<UL><LI> startup_stm32h7r3xx.o(RESET)
</UL>
<P><STRONG><a name="[58]"></a>SAI1_B_IRQHandler</STRONG> (Thumb, 0 bytes, Stack size 0 bytes, startup_stm32h7r3xx.o(.text))
<BR>[Address Reference Count : 1]<UL><LI> startup_stm32h7r3xx.o(RESET)
</UL>
<P><STRONG><a name="[59]"></a>SAI2_A_IRQHandler</STRONG> (Thumb, 0 bytes, Stack size 0 bytes, startup_stm32h7r3xx.o(.text))
<BR>[Address Reference Count : 1]<UL><LI> startup_stm32h7r3xx.o(RESET)
</UL>
<P><STRONG><a name="[5a]"></a>SAI2_B_IRQHandler</STRONG> (Thumb, 0 bytes, Stack size 0 bytes, startup_stm32h7r3xx.o(.text))
<BR>[Address Reference Count : 1]<UL><LI> startup_stm32h7r3xx.o(RESET)
</UL>
<P><STRONG><a name="[76]"></a>SDMMC1_IRQHandler</STRONG> (Thumb, 0 bytes, Stack size 0 bytes, startup_stm32h7r3xx.o(.text))
<BR>[Address Reference Count : 1]<UL><LI> startup_stm32h7r3xx.o(RESET)
</UL>
<P><STRONG><a name="[77]"></a>SDMMC2_IRQHandler</STRONG> (Thumb, 0 bytes, Stack size 0 bytes, startup_stm32h7r3xx.o(.text))
<BR>[Address Reference Count : 1]<UL><LI> startup_stm32h7r3xx.o(RESET)
</UL>
<P><STRONG><a name="[84]"></a>SPDIF_RX_IRQHandler</STRONG> (Thumb, 0 bytes, Stack size 0 bytes, startup_stm32h7r3xx.o(.text))
<BR>[Address Reference Count : 1]<UL><LI> startup_stm32h7r3xx.o(RESET)
</UL>
<P><STRONG><a name="[49]"></a>SPI1_IRQHandler</STRONG> (Thumb, 0 bytes, Stack size 0 bytes, startup_stm32h7r3xx.o(.text))
<BR>[Address Reference Count : 1]<UL><LI> startup_stm32h7r3xx.o(RESET)
</UL>
<P><STRONG><a name="[4a]"></a>SPI2_IRQHandler</STRONG> (Thumb, 0 bytes, Stack size 0 bytes, startup_stm32h7r3xx.o(.text))
<BR>[Address Reference Count : 1]<UL><LI> startup_stm32h7r3xx.o(RESET)
</UL>
<P><STRONG><a name="[4b]"></a>SPI3_IRQHandler</STRONG> (Thumb, 0 bytes, Stack size 0 bytes, startup_stm32h7r3xx.o(.text))
<BR>[Address Reference Count : 1]<UL><LI> startup_stm32h7r3xx.o(RESET)
</UL>
<P><STRONG><a name="[4c]"></a>SPI4_IRQHandler</STRONG> (Thumb, 0 bytes, Stack size 0 bytes, startup_stm32h7r3xx.o(.text))
<BR>[Address Reference Count : 1]<UL><LI> startup_stm32h7r3xx.o(RESET)
</UL>
<P><STRONG><a name="[4d]"></a>SPI5_IRQHandler</STRONG> (Thumb, 0 bytes, Stack size 0 bytes, startup_stm32h7r3xx.o(.text))
<BR>[Address Reference Count : 1]<UL><LI> startup_stm32h7r3xx.o(RESET)
</UL>
<P><STRONG><a name="[4e]"></a>SPI6_IRQHandler</STRONG> (Thumb, 0 bytes, Stack size 0 bytes, startup_stm32h7r3xx.o(.text))
<BR>[Address Reference Count : 1]<UL><LI> startup_stm32h7r3xx.o(RESET)
</UL>
<P><STRONG><a name="[20]"></a>TAMP_IRQHandler</STRONG> (Thumb, 0 bytes, Stack size 0 bytes, startup_stm32h7r3xx.o(.text))
<BR>[Address Reference Count : 1]<UL><LI> startup_stm32h7r3xx.o(RESET)
</UL>
<P><STRONG><a name="[79]"></a>TIM12_IRQHandler</STRONG> (Thumb, 0 bytes, Stack size 0 bytes, startup_stm32h7r3xx.o(.text))
<BR>[Address Reference Count : 1]<UL><LI> startup_stm32h7r3xx.o(RESET)
</UL>
<P><STRONG><a name="[7a]"></a>TIM13_IRQHandler</STRONG> (Thumb, 0 bytes, Stack size 0 bytes, startup_stm32h7r3xx.o(.text))
<BR>[Address Reference Count : 1]<UL><LI> startup_stm32h7r3xx.o(RESET)
</UL>
<P><STRONG><a name="[7b]"></a>TIM14_IRQHandler</STRONG> (Thumb, 0 bytes, Stack size 0 bytes, startup_stm32h7r3xx.o(.text))
<BR>[Address Reference Count : 1]<UL><LI> startup_stm32h7r3xx.o(RESET)
</UL>
<P><STRONG><a name="[7c]"></a>TIM15_IRQHandler</STRONG> (Thumb, 0 bytes, Stack size 0 bytes, startup_stm32h7r3xx.o(.text))
<BR>[Address Reference Count : 1]<UL><LI> startup_stm32h7r3xx.o(RESET)
</UL>
<P><STRONG><a name="[7d]"></a>TIM16_IRQHandler</STRONG> (Thumb, 0 bytes, Stack size 0 bytes, startup_stm32h7r3xx.o(.text))
<BR>[Address Reference Count : 1]<UL><LI> startup_stm32h7r3xx.o(RESET)
</UL>
<P><STRONG><a name="[7e]"></a>TIM17_IRQHandler</STRONG> (Thumb, 0 bytes, Stack size 0 bytes, startup_stm32h7r3xx.o(.text))
<BR>[Address Reference Count : 1]<UL><LI> startup_stm32h7r3xx.o(RESET)
</UL>
<P><STRONG><a name="[3e]"></a>TIM1_BRK_IRQHandler</STRONG> (Thumb, 0 bytes, Stack size 0 bytes, startup_stm32h7r3xx.o(.text))
<BR>[Address Reference Count : 1]<UL><LI> startup_stm32h7r3xx.o(RESET)
</UL>
<P><STRONG><a name="[41]"></a>TIM1_CC_IRQHandler</STRONG> (Thumb, 0 bytes, Stack size 0 bytes, startup_stm32h7r3xx.o(.text))
<BR>[Address Reference Count : 1]<UL><LI> startup_stm32h7r3xx.o(RESET)
</UL>
<P><STRONG><a name="[40]"></a>TIM1_TRG_COM_IRQHandler</STRONG> (Thumb, 0 bytes, Stack size 0 bytes, startup_stm32h7r3xx.o(.text))
<BR>[Address Reference Count : 1]<UL><LI> startup_stm32h7r3xx.o(RESET)
</UL>
<P><STRONG><a name="[3f]"></a>TIM1_UP_IRQHandler</STRONG> (Thumb, 0 bytes, Stack size 0 bytes, startup_stm32h7r3xx.o(.text))
<BR>[Address Reference Count : 1]<UL><LI> startup_stm32h7r3xx.o(RESET)
</UL>
<P><STRONG><a name="[42]"></a>TIM2_IRQHandler</STRONG> (Thumb, 0 bytes, Stack size 0 bytes, startup_stm32h7r3xx.o(.text))
<BR>[Address Reference Count : 1]<UL><LI> startup_stm32h7r3xx.o(RESET)
</UL>
<P><STRONG><a name="[43]"></a>TIM3_IRQHandler</STRONG> (Thumb, 0 bytes, Stack size 0 bytes, startup_stm32h7r3xx.o(.text))
<BR>[Address Reference Count : 1]<UL><LI> startup_stm32h7r3xx.o(RESET)
</UL>
<P><STRONG><a name="[44]"></a>TIM4_IRQHandler</STRONG> (Thumb, 0 bytes, Stack size 0 bytes, startup_stm32h7r3xx.o(.text))
<BR>[Address Reference Count : 1]<UL><LI> startup_stm32h7r3xx.o(RESET)
</UL>
<P><STRONG><a name="[45]"></a>TIM5_IRQHandler</STRONG> (Thumb, 0 bytes, Stack size 0 bytes, startup_stm32h7r3xx.o(.text))
<BR>[Address Reference Count : 1]<UL><LI> startup_stm32h7r3xx.o(RESET)
</UL>
<P><STRONG><a name="[46]"></a>TIM6_IRQHandler</STRONG> (Thumb, 0 bytes, Stack size 0 bytes, startup_stm32h7r3xx.o(.text))
<BR>[Address Reference Count : 1]<UL><LI> startup_stm32h7r3xx.o(RESET)
</UL>
<P><STRONG><a name="[47]"></a>TIM7_IRQHandler</STRONG> (Thumb, 0 bytes, Stack size 0 bytes, startup_stm32h7r3xx.o(.text))
<BR>[Address Reference Count : 1]<UL><LI> startup_stm32h7r3xx.o(RESET)
</UL>
<P><STRONG><a name="[48]"></a>TIM9_IRQHandler</STRONG> (Thumb, 0 bytes, Stack size 0 bytes, startup_stm32h7r3xx.o(.text))
<BR>[Address Reference Count : 1]<UL><LI> startup_stm32h7r3xx.o(RESET)
</UL>
<P><STRONG><a name="[64]"></a>UART4_IRQHandler</STRONG> (Thumb, 0 bytes, Stack size 0 bytes, startup_stm32h7r3xx.o(.text))
<BR>[Address Reference Count : 1]<UL><LI> startup_stm32h7r3xx.o(RESET)
</UL>
<P><STRONG><a name="[65]"></a>UART5_IRQHandler</STRONG> (Thumb, 0 bytes, Stack size 0 bytes, startup_stm32h7r3xx.o(.text))
<BR>[Address Reference Count : 1]<UL><LI> startup_stm32h7r3xx.o(RESET)
</UL>
<P><STRONG><a name="[66]"></a>UART7_IRQHandler</STRONG> (Thumb, 0 bytes, Stack size 0 bytes, startup_stm32h7r3xx.o(.text))
<BR>[Address Reference Count : 1]<UL><LI> startup_stm32h7r3xx.o(RESET)
</UL>
<P><STRONG><a name="[67]"></a>UART8_IRQHandler</STRONG> (Thumb, 0 bytes, Stack size 0 bytes, startup_stm32h7r3xx.o(.text))
<BR>[Address Reference Count : 1]<UL><LI> startup_stm32h7r3xx.o(RESET)
</UL>
<P><STRONG><a name="[88]"></a>UCPD1_IRQHandler</STRONG> (Thumb, 0 bytes, Stack size 0 bytes, startup_stm32h7r3xx.o(.text))
<BR>[Address Reference Count : 1]<UL><LI> startup_stm32h7r3xx.o(RESET)
</UL>
<P><STRONG><a name="[62]"></a>USART2_IRQHandler</STRONG> (Thumb, 0 bytes, Stack size 0 bytes, startup_stm32h7r3xx.o(.text))
<BR>[Address Reference Count : 1]<UL><LI> startup_stm32h7r3xx.o(RESET)
</UL>
<P><STRONG><a name="[63]"></a>USART3_IRQHandler</STRONG> (Thumb, 0 bytes, Stack size 0 bytes, startup_stm32h7r3xx.o(.text))
<BR>[Address Reference Count : 1]<UL><LI> startup_stm32h7r3xx.o(RESET)
</UL>
<P><STRONG><a name="[8c]"></a>WAKEUP_PIN_IRQHandler</STRONG> (Thumb, 0 bytes, Stack size 0 bytes, startup_stm32h7r3xx.o(.text))
<BR>[Address Reference Count : 1]<UL><LI> startup_stm32h7r3xx.o(RESET)
</UL>
<P><STRONG><a name="[1b]"></a>WWDG_IRQHandler</STRONG> (Thumb, 0 bytes, Stack size 0 bytes, startup_stm32h7r3xx.o(.text))
<BR>[Address Reference Count : 1]<UL><LI> startup_stm32h7r3xx.o(RESET)
</UL>
<P><STRONG><a name="[73]"></a>XSPI1_IRQHandler</STRONG> (Thumb, 0 bytes, Stack size 0 bytes, startup_stm32h7r3xx.o(.text))
<BR>[Address Reference Count : 1]<UL><LI> startup_stm32h7r3xx.o(RESET)
</UL>
<P><STRONG><a name="[74]"></a>XSPI2_IRQHandler</STRONG> (Thumb, 0 bytes, Stack size 0 bytes, startup_stm32h7r3xx.o(.text))
<BR>[Address Reference Count : 1]<UL><LI> startup_stm32h7r3xx.o(RESET)
</UL>
<P><STRONG><a name="[bc]"></a>__aeabi_memset</STRONG> (Thumb, 14 bytes, Stack size 0 bytes, memseta.o(.text), UNUSED)
<BR><BR>[Called By]<UL><LI><a href="#[bd]">&gt;&gt;</a>&nbsp;&nbsp;&nbsp;_memset$wrapper
<LI><a href="#[bb]">&gt;&gt;</a>&nbsp;&nbsp;&nbsp;__aeabi_memclr
</UL>

<P><STRONG><a name="[1f3]"></a>__aeabi_memset4</STRONG> (Thumb, 0 bytes, Stack size 0 bytes, memseta.o(.text), UNUSED)

<P><STRONG><a name="[1f4]"></a>__aeabi_memset8</STRONG> (Thumb, 0 bytes, Stack size 0 bytes, memseta.o(.text), UNUSED)

<P><STRONG><a name="[bb]"></a>__aeabi_memclr</STRONG> (Thumb, 4 bytes, Stack size 0 bytes, memseta.o(.text), UNUSED)
<BR><BR>[Calls]<UL><LI><a href="#[bc]">&gt;&gt;</a>&nbsp;&nbsp;&nbsp;__aeabi_memset
</UL>

<P><STRONG><a name="[d5]"></a>__aeabi_memclr4</STRONG> (Thumb, 0 bytes, Stack size 0 bytes, memseta.o(.text))
<BR><BR>[Called By]<UL><LI><a href="#[154]">&gt;&gt;</a>&nbsp;&nbsp;&nbsp;lcd_init (via Veneer)
<LI><a href="#[f0]">&gt;&gt;</a>&nbsp;&nbsp;&nbsp;hyperram_init (via Veneer)
<LI><a href="#[d4]">&gt;&gt;</a>&nbsp;&nbsp;&nbsp;HAL_UART_MspInit
<LI><a href="#[e2]">&gt;&gt;</a>&nbsp;&nbsp;&nbsp;HAL_XSPI_MspInit
<LI><a href="#[18b]">&gt;&gt;</a>&nbsp;&nbsp;&nbsp;_ai_platform_get_io_buffers_info (via Veneer)
<LI><a href="#[b1]">&gt;&gt;</a>&nbsp;&nbsp;&nbsp;w25q128_dual_memory_mapped
<LI><a href="#[b0]">&gt;&gt;</a>&nbsp;&nbsp;&nbsp;w25q128_dual_read
<LI><a href="#[af]">&gt;&gt;</a>&nbsp;&nbsp;&nbsp;w25q128_dual_program_page
<LI><a href="#[ae]">&gt;&gt;</a>&nbsp;&nbsp;&nbsp;w25q128_dual_erase_sector
<LI><a href="#[ad]">&gt;&gt;</a>&nbsp;&nbsp;&nbsp;w25q128_dual_erase_block
<LI><a href="#[ac]">&gt;&gt;</a>&nbsp;&nbsp;&nbsp;w25q128_dual_erase_chip
<LI><a href="#[ab]">&gt;&gt;</a>&nbsp;&nbsp;&nbsp;w25q128_dual_init
<LI><a href="#[aa]">&gt;&gt;</a>&nbsp;&nbsp;&nbsp;mx25um25645g_memory_mapped
<LI><a href="#[a9]">&gt;&gt;</a>&nbsp;&nbsp;&nbsp;mx25um25645g_read
<LI><a href="#[a8]">&gt;&gt;</a>&nbsp;&nbsp;&nbsp;mx25um25645g_program_page
<LI><a href="#[a7]">&gt;&gt;</a>&nbsp;&nbsp;&nbsp;mx25um25645g_erase_sector
<LI><a href="#[a6]">&gt;&gt;</a>&nbsp;&nbsp;&nbsp;mx25um25645g_erase_block
<LI><a href="#[a5]">&gt;&gt;</a>&nbsp;&nbsp;&nbsp;mx25um25645g_erase_chip
<LI><a href="#[a4]">&gt;&gt;</a>&nbsp;&nbsp;&nbsp;mx25um25645g_init
<LI><a href="#[103]">&gt;&gt;</a>&nbsp;&nbsp;&nbsp;sys_xspi1_enable_memmapmode
<LI><a href="#[b]">&gt;&gt;</a>&nbsp;&nbsp;&nbsp;forward_reduce (via Veneer)
<LI><a href="#[0]">&gt;&gt;</a>&nbsp;&nbsp;&nbsp;forward_eltwise_integer_INT8 (via Veneer)
</UL>

<P><STRONG><a name="[1f5]"></a>__aeabi_memclr8</STRONG> (Thumb, 0 bytes, Stack size 0 bytes, memseta.o(.text), UNUSED)

<P><STRONG><a name="[bd]"></a>_memset$wrapper</STRONG> (Thumb, 18 bytes, Stack size 8 bytes, memseta.o(.text), UNUSED)
<BR><BR>[Calls]<UL><LI><a href="#[bc]">&gt;&gt;</a>&nbsp;&nbsp;&nbsp;__aeabi_memset
</UL>

<P><STRONG><a name="[ba]"></a>__scatterload</STRONG> (Thumb, 38 bytes, Stack size 0 bytes, init.o(.text))
<BR><BR>[Calls]<UL><LI><a href="#[be]">&gt;&gt;</a>&nbsp;&nbsp;&nbsp;__main_after_scatterload
</UL>
<BR>[Called By]<UL><LI><a href="#[b9]">&gt;&gt;</a>&nbsp;&nbsp;&nbsp;_main_scatterload
</UL>

<P><STRONG><a name="[1f6]"></a>__scatterload_rt2</STRONG> (Thumb, 0 bytes, Stack size 0 bytes, init.o(.text), UNUSED)

<P><STRONG><a name="[1f7]"></a>__decompress</STRONG> (Thumb, 0 bytes, Stack size unknown bytes, __dczerorl2.o(.text), UNUSED)

<P><STRONG><a name="[1f8]"></a>__decompress1</STRONG> (Thumb, 86 bytes, Stack size unknown bytes, __dczerorl2.o(.text), UNUSED)

<P><STRONG><a name="[12]"></a>BusFault_Handler</STRONG> (Thumb, 84 bytes, Stack size 0 bytes, stm32h7rsxx_it.o(.text.BusFault_Handler))
<BR><BR>[Stack]<UL><LI>Max Depth = 24<LI>Call Chain = BusFault_Handler &rArr; __2printf
</UL>
<BR>[Calls]<UL><LI><a href="#[c1]">&gt;&gt;</a>&nbsp;&nbsp;&nbsp;delay_ms
<LI><a href="#[c0]">&gt;&gt;</a>&nbsp;&nbsp;&nbsp;HAL_GPIO_TogglePin
<LI><a href="#[bf]">&gt;&gt;</a>&nbsp;&nbsp;&nbsp;__2printf (via Veneer)
</UL>
<BR>[Address Reference Count : 1]<UL><LI> startup_stm32h7r3xx.o(RESET)
</UL>
<P><STRONG><a name="[15]"></a>DebugMon_Handler</STRONG> (Thumb, 2 bytes, Stack size 0 bytes, stm32h7rsxx_it.o(.text.DebugMon_Handler))
<BR>[Address Reference Count : 1]<UL><LI> startup_stm32h7r3xx.o(RESET)
</UL>
<P><STRONG><a name="[16b]"></a>HAL_Delay</STRONG> (Thumb, 66 bytes, Stack size 8 bytes, delay.o(.text.HAL_Delay))
<BR><BR>[Stack]<UL><LI>Max Depth = 8<LI>Call Chain = HAL_Delay
</UL>
<BR>[Called By]<UL><LI><a href="#[16a]">&gt;&gt;</a>&nbsp;&nbsp;&nbsp;hyperram_hardware_reset (via Veneer)
</UL>

<P><STRONG><a name="[e4]"></a>HAL_GPIO_DeInit</STRONG> (Thumb, 260 bytes, Stack size 40 bytes, stm32h7rsxx_hal_gpio.o(.text.HAL_GPIO_DeInit))
<BR><BR>[Stack]<UL><LI>Max Depth = 40<LI>Call Chain = HAL_GPIO_DeInit
</UL>
<BR>[Called By]<UL><LI><a href="#[de]">&gt;&gt;</a>&nbsp;&nbsp;&nbsp;HAL_XSPI_MspDeInit
</UL>

<P><STRONG><a name="[d6]"></a>HAL_GPIO_Init</STRONG> (Thumb, 376 bytes, Stack size 44 bytes, stm32h7rsxx_hal_gpio.o(.text.HAL_GPIO_Init))
<BR><BR>[Stack]<UL><LI>Max Depth = 44<LI>Call Chain = HAL_GPIO_Init
</UL>
<BR>[Called By]<UL><LI><a href="#[157]">&gt;&gt;</a>&nbsp;&nbsp;&nbsp;ov2640_init (via Veneer)
<LI><a href="#[155]">&gt;&gt;</a>&nbsp;&nbsp;&nbsp;hx711_init (via Veneer)
<LI><a href="#[154]">&gt;&gt;</a>&nbsp;&nbsp;&nbsp;lcd_init (via Veneer)
<LI><a href="#[153]">&gt;&gt;</a>&nbsp;&nbsp;&nbsp;key_init (via Veneer)
<LI><a href="#[f0]">&gt;&gt;</a>&nbsp;&nbsp;&nbsp;hyperram_init (via Veneer)
<LI><a href="#[ee]">&gt;&gt;</a>&nbsp;&nbsp;&nbsp;led_init (via Veneer)
<LI><a href="#[d4]">&gt;&gt;</a>&nbsp;&nbsp;&nbsp;HAL_UART_MspInit
<LI><a href="#[e2]">&gt;&gt;</a>&nbsp;&nbsp;&nbsp;HAL_XSPI_MspInit
<LI><a href="#[17d]">&gt;&gt;</a>&nbsp;&nbsp;&nbsp;sccb_init (via Veneer)
<LI><a href="#[17b]">&gt;&gt;</a>&nbsp;&nbsp;&nbsp;sccb_read_byte (via Veneer)
<LI><a href="#[122]">&gt;&gt;</a>&nbsp;&nbsp;&nbsp;HAL_DCMIPP_MspInit (via Veneer)
<LI><a href="#[126]">&gt;&gt;</a>&nbsp;&nbsp;&nbsp;HAL_SRAM_MspInit (via Veneer)
</UL>

<P><STRONG><a name="[166]"></a>HAL_GPIO_ReadPin</STRONG> (Thumb, 10 bytes, Stack size 0 bytes, stm32h7rsxx_hal_gpio.o(.text.HAL_GPIO_ReadPin))
<BR><BR>[Called By]<UL><LI><a href="#[14f]">&gt;&gt;</a>&nbsp;&nbsp;&nbsp;hx711_is_ready (via Veneer)
<LI><a href="#[150]">&gt;&gt;</a>&nbsp;&nbsp;&nbsp;hx711_read (via Veneer)
<LI><a href="#[f6]">&gt;&gt;</a>&nbsp;&nbsp;&nbsp;key_scan (via Veneer)
<LI><a href="#[17b]">&gt;&gt;</a>&nbsp;&nbsp;&nbsp;sccb_read_byte (via Veneer)
</UL>

<P><STRONG><a name="[c0]"></a>HAL_GPIO_TogglePin</STRONG> (Thumb, 16 bytes, Stack size 0 bytes, stm32h7rsxx_hal_gpio.o(.text.HAL_GPIO_TogglePin))
<BR><BR>[Called By]<UL><LI><a href="#[f5]">&gt;&gt;</a>&nbsp;&nbsp;&nbsp;camera_workflow_init (via Veneer)
<LI><a href="#[a1]">&gt;&gt;</a>&nbsp;&nbsp;&nbsp;main
<LI><a href="#[13]">&gt;&gt;</a>&nbsp;&nbsp;&nbsp;UsageFault_Handler
<LI><a href="#[12]">&gt;&gt;</a>&nbsp;&nbsp;&nbsp;BusFault_Handler
<LI><a href="#[11]">&gt;&gt;</a>&nbsp;&nbsp;&nbsp;MemManage_Handler
<LI><a href="#[10]">&gt;&gt;</a>&nbsp;&nbsp;&nbsp;HardFault_Handler
</UL>

<P><STRONG><a name="[165]"></a>HAL_GPIO_WritePin</STRONG> (Thumb, 12 bytes, Stack size 0 bytes, stm32h7rsxx_hal_gpio.o(.text.HAL_GPIO_WritePin))
<BR><BR>[Called By]<UL><LI><a href="#[150]">&gt;&gt;</a>&nbsp;&nbsp;&nbsp;hx711_read (via Veneer)
<LI><a href="#[157]">&gt;&gt;</a>&nbsp;&nbsp;&nbsp;ov2640_init (via Veneer)
<LI><a href="#[155]">&gt;&gt;</a>&nbsp;&nbsp;&nbsp;hx711_init (via Veneer)
<LI><a href="#[154]">&gt;&gt;</a>&nbsp;&nbsp;&nbsp;lcd_init (via Veneer)
<LI><a href="#[ee]">&gt;&gt;</a>&nbsp;&nbsp;&nbsp;led_init (via Veneer)
<LI><a href="#[17d]">&gt;&gt;</a>&nbsp;&nbsp;&nbsp;sccb_init (via Veneer)
<LI><a href="#[17b]">&gt;&gt;</a>&nbsp;&nbsp;&nbsp;sccb_read_byte (via Veneer)
<LI><a href="#[17a]">&gt;&gt;</a>&nbsp;&nbsp;&nbsp;sccb_stop (via Veneer)
<LI><a href="#[179]">&gt;&gt;</a>&nbsp;&nbsp;&nbsp;sccb_send_byte (via Veneer)
<LI><a href="#[178]">&gt;&gt;</a>&nbsp;&nbsp;&nbsp;sccb_start (via Veneer)
<LI><a href="#[16a]">&gt;&gt;</a>&nbsp;&nbsp;&nbsp;hyperram_hardware_reset (via Veneer)
</UL>

<P><STRONG><a name="[c9]"></a>HAL_GetTick</STRONG> (Thumb, 12 bytes, Stack size 0 bytes, stm32h7rsxx_hal.o(.text.HAL_GetTick))
<BR><BR>[Called By]<UL><LI><a href="#[e0]">&gt;&gt;</a>&nbsp;&nbsp;&nbsp;HAL_XSPI_HyperbusCmd
<LI><a href="#[df]">&gt;&gt;</a>&nbsp;&nbsp;&nbsp;HAL_XSPI_HyperbusCfg
<LI><a href="#[124]">&gt;&gt;</a>&nbsp;&nbsp;&nbsp;HAL_DMA_Abort (via Veneer)
<LI><a href="#[138]">&gt;&gt;</a>&nbsp;&nbsp;&nbsp;UART_WaitOnFlagUntilTimeout (via Veneer)
<LI><a href="#[133]">&gt;&gt;</a>&nbsp;&nbsp;&nbsp;UART_CheckIdleState (via Veneer)
<LI><a href="#[d3]">&gt;&gt;</a>&nbsp;&nbsp;&nbsp;RCC_PLL_Config
<LI><a href="#[cc]">&gt;&gt;</a>&nbsp;&nbsp;&nbsp;HAL_RCCEx_PeriphCLKConfig
<LI><a href="#[e3]">&gt;&gt;</a>&nbsp;&nbsp;&nbsp;HAL_XSPI_MemoryMapped
<LI><a href="#[e6]">&gt;&gt;</a>&nbsp;&nbsp;&nbsp;HAL_XSPI_Transmit
<LI><a href="#[da]">&gt;&gt;</a>&nbsp;&nbsp;&nbsp;HAL_XSPI_AutoPolling
<LI><a href="#[e5]">&gt;&gt;</a>&nbsp;&nbsp;&nbsp;HAL_XSPI_Receive
<LI><a href="#[db]">&gt;&gt;</a>&nbsp;&nbsp;&nbsp;HAL_XSPI_Command
<LI><a href="#[e1]">&gt;&gt;</a>&nbsp;&nbsp;&nbsp;HAL_XSPI_Init
<LI><a href="#[cd]">&gt;&gt;</a>&nbsp;&nbsp;&nbsp;HAL_RCC_ClockConfig
<LI><a href="#[d2]">&gt;&gt;</a>&nbsp;&nbsp;&nbsp;HAL_RCC_OscConfig
<LI><a href="#[cb]">&gt;&gt;</a>&nbsp;&nbsp;&nbsp;HAL_PWREx_EnableUSBVoltageDetector
<LI><a href="#[ca]">&gt;&gt;</a>&nbsp;&nbsp;&nbsp;HAL_PWREx_ControlVoltageScaling
<LI><a href="#[123]">&gt;&gt;</a>&nbsp;&nbsp;&nbsp;HAL_DCMIPP_PIPE_Stop (via Veneer)
<LI><a href="#[c8]">&gt;&gt;</a>&nbsp;&nbsp;&nbsp;HAL_PWREx_ConfigSupply
</UL>

<P><STRONG><a name="[e7]"></a>HAL_IncTick</STRONG> (Thumb, 26 bytes, Stack size 0 bytes, stm32h7rsxx_hal.o(.text.HAL_IncTick))
<BR><BR>[Called By]<UL><LI><a href="#[17]">&gt;&gt;</a>&nbsp;&nbsp;&nbsp;SysTick_Handler
</UL>

<P><STRONG><a name="[c2]"></a>HAL_Init</STRONG> (Thumb, 30 bytes, Stack size 8 bytes, stm32h7rsxx_hal.o(.text.HAL_Init))
<BR><BR>[Stack]<UL><LI>Max Depth = 32<LI>Call Chain = HAL_Init &rArr; HAL_InitTick &rArr; HAL_NVIC_SetPriority
</UL>
<BR>[Calls]<UL><LI><a href="#[c5]">&gt;&gt;</a>&nbsp;&nbsp;&nbsp;HAL_MspInit
<LI><a href="#[c4]">&gt;&gt;</a>&nbsp;&nbsp;&nbsp;HAL_InitTick
<LI><a href="#[c3]">&gt;&gt;</a>&nbsp;&nbsp;&nbsp;HAL_NVIC_SetPriorityGrouping
</UL>
<BR>[Called By]<UL><LI><a href="#[a1]">&gt;&gt;</a>&nbsp;&nbsp;&nbsp;main
</UL>

<P><STRONG><a name="[c4]"></a>HAL_InitTick</STRONG> (Thumb, 88 bytes, Stack size 8 bytes, stm32h7rsxx_hal.o(.text.HAL_InitTick))
[...]
</UL>
<BR>[Calls]<UL><LI><a href="#[da]">&gt;&gt;</a>&nbsp;&nbsp;&nbsp;HAL_XSPI_AutoPolling
<LI><a href="#[db]">&gt;&gt;</a>&nbsp;&nbsp;&nbsp;HAL_XSPI_Command
<LI><a href="#[d5]">&gt;&gt;</a>&nbsp;&nbsp;&nbsp;__aeabi_memclr4
</UL>
<BR>[Address Reference Count : 1]<UL><LI> norflash_mx25um25645g.o(.rodata.norflash_mx25um25645g)
</UL>
<P><STRONG><a name="[a7]"></a>mx25um25645g_erase_sector</STRONG> (Thumb, 410 bytes, Stack size 136 bytes, norflash_mx25um25645g.o(.text.mx25um25645g_erase_sector))
<BR><BR>[Stack]<UL><LI>Max Depth = 192<LI>Call Chain = mx25um25645g_erase_sector &rArr; HAL_XSPI_Command &rArr; XSPI_ConfigCmd
</UL>
<BR>[Calls]<UL><LI><a href="#[da]">&gt;&gt;</a>&nbsp;&nbsp;&nbsp;HAL_XSPI_AutoPolling
<LI><a href="#[db]">&gt;&gt;</a>&nbsp;&nbsp;&nbsp;HAL_XSPI_Command
<LI><a href="#[d5]">&gt;&gt;</a>&nbsp;&nbsp;&nbsp;__aeabi_memclr4
</UL>
<BR>[Address Reference Count : 1]<UL><LI> norflash_mx25um25645g.o(.rodata.norflash_mx25um25645g)
</UL>
<P><STRONG><a name="[a8]"></a>mx25um25645g_program_page</STRONG> (Thumb, 460 bytes, Stack size 136 bytes, norflash_mx25um25645g.o(.text.mx25um25645g_program_page))
<BR><BR>[Stack]<UL><LI>Max Depth = 192<LI>Call Chain = mx25um25645g_program_page &rArr; HAL_XSPI_Command &rArr; XSPI_ConfigCmd
</UL>
<BR>[Calls]<UL><LI><a href="#[e6]">&gt;&gt;</a>&nbsp;&nbsp;&nbsp;HAL_XSPI_Transmit
<LI><a href="#[da]">&gt;&gt;</a>&nbsp;&nbsp;&nbsp;HAL_XSPI_AutoPolling
<LI><a href="#[db]">&gt;&gt;</a>&nbsp;&nbsp;&nbsp;HAL_XSPI_Command
<LI><a href="#[d5]">&gt;&gt;</a>&nbsp;&nbsp;&nbsp;__aeabi_memclr4
</UL>
<BR>[Address Reference Count : 1]<UL><LI> norflash_mx25um25645g.o(.rodata.norflash_mx25um25645g)
</UL>
<P><STRONG><a name="[a9]"></a>mx25um25645g_read</STRONG> (Thumb, 134 bytes, Stack size 96 bytes, norflash_mx25um25645g.o(.text.mx25um25645g_read))
<BR><BR>[Stack]<UL><LI>Max Depth = 152<LI>Call Chain = mx25um25645g_read &rArr; HAL_XSPI_Command &rArr; XSPI_ConfigCmd
</UL>
<BR>[Calls]<UL><LI><a href="#[e5]">&gt;&gt;</a>&nbsp;&nbsp;&nbsp;HAL_XSPI_Receive
<LI><a href="#[db]">&gt;&gt;</a>&nbsp;&nbsp;&nbsp;HAL_XSPI_Command
<LI><a href="#[d5]">&gt;&gt;</a>&nbsp;&nbsp;&nbsp;__aeabi_memclr4
</UL>
<BR>[Address Reference Count : 1]<UL><LI> norflash_mx25um25645g.o(.rodata.norflash_mx25um25645g)
</UL>
<P><STRONG><a name="[aa]"></a>mx25um25645g_memory_mapped</STRONG> (Thumb, 402 bytes, Stack size 144 bytes, norflash_mx25um25645g.o(.text.mx25um25645g_memory_mapped))
<BR><BR>[Stack]<UL><LI>Max Depth = 200<LI>Call Chain = mx25um25645g_memory_mapped &rArr; HAL_XSPI_Command &rArr; XSPI_ConfigCmd
</UL>
<BR>[Calls]<UL><LI><a href="#[e3]">&gt;&gt;</a>&nbsp;&nbsp;&nbsp;HAL_XSPI_MemoryMapped
<LI><a href="#[da]">&gt;&gt;</a>&nbsp;&nbsp;&nbsp;HAL_XSPI_AutoPolling
<LI><a href="#[db]">&gt;&gt;</a>&nbsp;&nbsp;&nbsp;HAL_XSPI_Command
<LI><a href="#[d5]">&gt;&gt;</a>&nbsp;&nbsp;&nbsp;__aeabi_memclr4
</UL>
<BR>[Address Reference Count : 1]<UL><LI> norflash_mx25um25645g.o(.rodata.norflash_mx25um25645g)
</UL>
<P><STRONG><a name="[ab]"></a>w25q128_dual_init</STRONG> (Thumb, 776 bytes, Stack size 120 bytes, norflash_w25q128_dual.o(.text.w25q128_dual_init))
<BR><BR>[Stack]<UL><LI>Max Depth = 176<LI>Call Chain = w25q128_dual_init &rArr; HAL_XSPI_Command &rArr; XSPI_ConfigCmd
</UL>
<BR>[Calls]<UL><LI><a href="#[c1]">&gt;&gt;</a>&nbsp;&nbsp;&nbsp;delay_ms
<LI><a href="#[e6]">&gt;&gt;</a>&nbsp;&nbsp;&nbsp;HAL_XSPI_Transmit
<LI><a href="#[da]">&gt;&gt;</a>&nbsp;&nbsp;&nbsp;HAL_XSPI_AutoPolling
<LI><a href="#[e5]">&gt;&gt;</a>&nbsp;&nbsp;&nbsp;HAL_XSPI_Receive
<LI><a href="#[db]">&gt;&gt;</a>&nbsp;&nbsp;&nbsp;HAL_XSPI_Command
<LI><a href="#[d5]">&gt;&gt;</a>&nbsp;&nbsp;&nbsp;__aeabi_memclr4
</UL>
<BR>[Address Reference Count : 1]<UL><LI> norflash_w25q128_dual.o(.rodata.norflash_w25q128_dual)
</UL>
<P><STRONG><a name="[ac]"></a>w25q128_dual_erase_chip</STRONG> (Thumb, 310 bytes, Stack size 112 bytes, norflash_w25q128_dual.o(.text.w25q128_dual_erase_chip))
<BR><BR>[Stack]<UL><LI>Max Depth = 168<LI>Call Chain = w25q128_dual_erase_chip &rArr; HAL_XSPI_Command &rArr; XSPI_ConfigCmd
</UL>
<BR>[Calls]<UL><LI><a href="#[da]">&gt;&gt;</a>&nbsp;&nbsp;&nbsp;HAL_XSPI_AutoPolling
<LI><a href="#[db]">&gt;&gt;</a>&nbsp;&nbsp;&nbsp;HAL_XSPI_Command
<LI><a href="#[d5]">&gt;&gt;</a>&nbsp;&nbsp;&nbsp;__aeabi_memclr4
</UL>
<BR>[Address Reference Count : 1]<UL><LI> norflash_w25q128_dual.o(.rodata.norflash_w25q128_dual)
</UL>
<P><STRONG><a name="[ad]"></a>w25q128_dual_erase_block</STRONG> (Thumb, 322 bytes, Stack size 120 bytes, norflash_w25q128_dual.o(.text.w25q128_dual_erase_block))
<BR><BR>[Stack]<UL><LI>Max Depth = 176<LI>Call Chain = w25q128_dual_erase_block &rArr; HAL_XSPI_Command &rArr; XSPI_ConfigCmd
</UL>
<BR>[Calls]<UL><LI><a href="#[da]">&gt;&gt;</a>&nbsp;&nbsp;&nbsp;HAL_XSPI_AutoPolling
<LI><a href="#[db]">&gt;&gt;</a>&nbsp;&nbsp;&nbsp;HAL_XSPI_Command
<LI><a href="#[d5]">&gt;&gt;</a>&nbsp;&nbsp;&nbsp;__aeabi_memclr4
</UL>
<BR>[Address Reference Count : 1]<UL><LI> norflash_w25q128_dual.o(.rodata.norflash_w25q128_dual)
</UL>
<P><STRONG><a name="[ae]"></a>w25q128_dual_erase_sector</STRONG> (Thumb, 322 bytes, Stack size 120 bytes, norflash_w25q128_dual.o(.text.w25q128_dual_erase_sector))
<BR><BR>[Stack]<UL><LI>Max Depth = 176<LI>Call Chain = w25q128_dual_erase_sector &rArr; HAL_XSPI_Command &rArr; XSPI_ConfigCmd
</UL>
<BR>[Calls]<UL><LI><a href="#[da]">&gt;&gt;</a>&nbsp;&nbsp;&nbsp;HAL_XSPI_AutoPolling
<LI><a href="#[db]">&gt;&gt;</a>&nbsp;&nbsp;&nbsp;HAL_XSPI_Command
<LI><a href="#[d5]">&gt;&gt;</a>&nbsp;&nbsp;&nbsp;__aeabi_memclr4
</UL>
<BR>[Address Reference Count : 1]<UL><LI> norflash_w25q128_dual.o(.rodata.norflash_w25q128_dual)
</UL>
<P><STRONG><a name="[af]"></a>w25q128_dual_program_page</STRONG> (Thumb, 366 bytes, Stack size 128 bytes, norflash_w25q128_dual.o(.text.w25q128_dual_program_page))
<BR><BR>[Stack]<UL><LI>Max Depth = 184<LI>Call Chain = w25q128_dual_program_page &rArr; HAL_XSPI_Command &rArr; XSPI_ConfigCmd
</UL>
<BR>[Calls]<UL><LI><a href="#[e6]">&gt;&gt;</a>&nbsp;&nbsp;&nbsp;HAL_XSPI_Transmit
<LI><a href="#[da]">&gt;&gt;</a>&nbsp;&nbsp;&nbsp;HAL_XSPI_AutoPolling
<LI><a href="#[db]">&gt;&gt;</a>&nbsp;&nbsp;&nbsp;HAL_XSPI_Command
<LI><a href="#[d5]">&gt;&gt;</a>&nbsp;&nbsp;&nbsp;__aeabi_memclr4
</UL>
<BR>[Address Reference Count : 1]<UL><LI> norflash_w25q128_dual.o(.rodata.norflash_w25q128_dual)
</UL>
<P><STRONG><a name="[b0]"></a>w25q128_dual_read</STRONG> (Thumb, 120 bytes, Stack size 104 bytes, norflash_w25q128_dual.o(.text.w25q128_dual_read))
<BR><BR>[Stack]<UL><LI>Max Depth = 160<LI>Call Chain = w25q128_dual_read &rArr; HAL_XSPI_Command &rArr; XSPI_ConfigCmd
</UL>
<BR>[Calls]<UL><LI><a href="#[e5]">&gt;&gt;</a>&nbsp;&nbsp;&nbsp;HAL_XSPI_Receive
<LI><a href="#[db]">&gt;&gt;</a>&nbsp;&nbsp;&nbsp;HAL_XSPI_Command
<LI><a href="#[d5]">&gt;&gt;</a>&nbsp;&nbsp;&nbsp;__aeabi_memclr4
</UL>
<BR>[Address Reference Count : 1]<UL><LI> norflash_w25q128_dual.o(.rodata.norflash_w25q128_dual)
</UL>
<P><STRONG><a name="[b1]"></a>w25q128_dual_memory_mapped</STRONG> (Thumb, 318 bytes, Stack size 128 bytes, norflash_w25q128_dual.o(.text.w25q128_dual_memory_mapped))
<BR><BR>[Stack]<UL><LI>Max Depth = 184<LI>Call Chain = w25q128_dual_memory_mapped &rArr; HAL_XSPI_Command &rArr; XSPI_ConfigCmd
</UL>
<BR>[Calls]<UL><LI><a href="#[e3]">&gt;&gt;</a>&nbsp;&nbsp;&nbsp;HAL_XSPI_MemoryMapped
<LI><a href="#[da]">&gt;&gt;</a>&nbsp;&nbsp;&nbsp;HAL_XSPI_AutoPolling
<LI><a href="#[db]">&gt;&gt;</a>&nbsp;&nbsp;&nbsp;HAL_XSPI_Command
<LI><a href="#[d5]">&gt;&gt;</a>&nbsp;&nbsp;&nbsp;__aeabi_memclr4
</UL>
<BR>[Address Reference Count : 1]<UL><LI> norflash_w25q128_dual.o(.rodata.norflash_w25q128_dual)
</UL>
<P><STRONG><a name="[177]"></a>mc2640_get_mid</STRONG> (Thumb, 114 bytes, Stack size 16 bytes, ov2640.o(.text.mc2640_get_mid))
<BR><BR>[Stack]<UL><LI>Max Depth = 108<LI>Call Chain = mc2640_get_mid &rArr; sccb_read_byte &rArr; HAL_GPIO_Init
</UL>
<BR>[Calls]<UL><LI><a href="#[17b]">&gt;&gt;</a>&nbsp;&nbsp;&nbsp;sccb_read_byte
<LI><a href="#[17a]">&gt;&gt;</a>&nbsp;&nbsp;&nbsp;sccb_stop
<LI><a href="#[179]">&gt;&gt;</a>&nbsp;&nbsp;&nbsp;sccb_send_byte
<LI><a href="#[178]">&gt;&gt;</a>&nbsp;&nbsp;&nbsp;sccb_start
</UL>
<BR>[Called By]<UL><LI><a href="#[157]">&gt;&gt;</a>&nbsp;&nbsp;&nbsp;ov2640_init
</UL>

<P><STRONG><a name="[17c]"></a>mc2640_get_pid</STRONG> (Thumb, 114 bytes, Stack size 16 bytes, ov2640.o(.text.mc2640_get_pid))
<BR><BR>[Stack]<UL><LI>Max Depth = 108<LI>Call Chain = mc2640_get_pid &rArr; sccb_read_byte &rArr; HAL_GPIO_Init
</UL>
<BR>[Calls]<UL><LI><a href="#[17b]">&gt;&gt;</a>&nbsp;&nbsp;&nbsp;sccb_read_byte
<LI><a href="#[17a]">&gt;&gt;</a>&nbsp;&nbsp;&nbsp;sccb_stop
<LI><a href="#[179]">&gt;&gt;</a>&nbsp;&nbsp;&nbsp;sccb_send_byte
<LI><a href="#[178]">&gt;&gt;</a>&nbsp;&nbsp;&nbsp;sccb_start
</UL>
<BR>[Called By]<UL><LI><a href="#[157]">&gt;&gt;</a>&nbsp;&nbsp;&nbsp;ov2640_init
</UL>

<P><STRONG><a name="[18b]"></a>_ai_platform_get_io_buffers_info</STRONG> (Thumb, 220 bytes, Stack size 136 bytes, ai_platform_interface.o(i._ai_platform_get_io_buffers_info))
<BR><BR>[Stack]<UL><LI>Max Depth = 148<LI>Call Chain = _ai_platform_get_io_buffers_info &rArr; ai_array_to_buffer_fmt
</UL>
<BR>[Calls]<UL><LI><a href="#[18c]">&gt;&gt;</a>&nbsp;&nbsp;&nbsp;ai_array_to_buffer_fmt
<LI><a href="#[d5]">&gt;&gt;</a>&nbsp;&nbsp;&nbsp;__aeabi_memclr4 (via Veneer)
<LI><a href="#[18d]">&gt;&gt;</a>&nbsp;&nbsp;&nbsp;__aeabi_memcpy4
</UL>
<BR>[Called By]<UL><LI><a href="#[148]">&gt;&gt;</a>&nbsp;&nbsp;&nbsp;ai_platform_outputs_get
<LI><a href="#[147]">&gt;&gt;</a>&nbsp;&nbsp;&nbsp;ai_platform_inputs_get
</UL>

<P><STRONG><a name="[190]"></a>_platform_ai_buffer_array_copy</STRONG> (Thumb, 74 bytes, Stack size 16 bytes, ai_platform_interface.o(i._platform_ai_buffer_array_copy))
<BR><BR>[Stack]<UL><LI>Max Depth = 16<LI>Call Chain = _platform_ai_buffer_array_copy
</UL>
<BR>[Calls]<UL><LI><a href="#[18d]">&gt;&gt;</a>&nbsp;&nbsp;&nbsp;__aeabi_memcpy4
</UL>
<BR>[Called By]<UL><LI><a href="#[142]">&gt;&gt;</a>&nbsp;&nbsp;&nbsp;ai_platform_network_init
</UL>

<P><STRONG><a name="[1a5]"></a>_platform_get_table_map_from_buffer</STRONG> (Thumb, 74 bytes, Stack size 12 bytes, ai_platform_interface.o(i._platform_get_table_map_from_buffer))
<BR><BR>[Stack]<UL><LI>Max Depth = 12<LI>Call Chain = _platform_get_table_map_from_buffer
</UL>
<BR>[Called By]<UL><LI><a href="#[145]">&gt;&gt;</a>&nbsp;&nbsp;&nbsp;ai_platform_get_activations_map
<LI><a href="#[143]">&gt;&gt;</a>&nbsp;&nbsp;&nbsp;ai_platform_get_weights_map
</UL>

<P><STRONG><a name="[191]"></a>_platform_get_table_map_from_buffer_array</STRONG> (Thumb, 68 bytes, Stack size 16 bytes, ai_platform_interface.o(i._platform_get_table_map_from_buffer_array))
<BR><BR>[Stack]<UL><LI>Max Depth = 16<LI>Call Chain = _platform_get_table_map_from_buffer_array
</UL>
<BR>[Calls]<UL><LI><a href="#[192]">&gt;&gt;</a>&nbsp;&nbsp;&nbsp;ai_buffer_array_sane
</UL>
<BR>[Called By]<UL><LI><a href="#[145]">&gt;&gt;</a>&nbsp;&nbsp;&nbsp;ai_platform_get_activations_map
<LI><a href="#[143]">&gt;&gt;</a>&nbsp;&nbsp;&nbsp;ai_platform_get_weights_map
</UL>

<P><STRONG><a name="[1aa]"></a>_platform_network_buffers_signature_valid</STRONG> (Thumb, 14 bytes, Stack size 0 bytes, ai_platform_interface.o(i._platform_network_buffers_signature_valid))
<BR><BR>[Called By]<UL><LI><a href="#[142]">&gt;&gt;</a>&nbsp;&nbsp;&nbsp;ai_platform_network_init
</UL>

<P><STRONG><a name="[193]"></a>_platform_network_io_bind</STRONG> (Thumb, 528 bytes, Stack size 48 bytes, ai_platform_interface.o(i._platform_network_io_bind))
<BR><BR>[Stack]<UL><LI>Max Depth = 76<LI>Call Chain = _platform_network_io_bind &rArr; _platform_network_state_setup &rArr; get_tensor_byte_size
</UL>
<BR>[Calls]<UL><LI><a href="#[196]">&gt;&gt;</a>&nbsp;&nbsp;&nbsp;get_tensor_byte_size
<LI><a href="#[18c]">&gt;&gt;</a>&nbsp;&nbsp;&nbsp;ai_array_to_buffer_fmt
<LI><a href="#[195]">&gt;&gt;</a>&nbsp;&nbsp;&nbsp;ai_array_get_data_byte_size
<LI><a href="#[197]">&gt;&gt;</a>&nbsp;&nbsp;&nbsp;_platform_network_state_setup
<LI><a href="#[194]">&gt;&gt;</a>&nbsp;&nbsp;&nbsp;ai_buffer_get_size
<LI><a href="#[144]">&gt;&gt;</a>&nbsp;&nbsp;&nbsp;ai_platform_network_set_error
</UL>
<BR>[Called By]<UL><LI><a href="#[149]">&gt;&gt;</a>&nbsp;&nbsp;&nbsp;ai_platform_network_process
</UL>

<P><STRONG><a name="[197]"></a>_platform_network_state_setup</STRONG> (Thumb, 62 bytes, Stack size 16 bytes, ai_platform_interface.o(i._platform_network_state_setup))
<BR><BR>[Stack]<UL><LI>Max Depth = 28<LI>Call Chain = _platform_network_state_setup &rArr; get_tensor_byte_size
</UL>
<BR>[Calls]<UL><LI><a href="#[196]">&gt;&gt;</a>&nbsp;&nbsp;&nbsp;get_tensor_byte_size
</UL>
<BR>[Called By]<UL><LI><a href="#[193]">&gt;&gt;</a>&nbsp;&nbsp;&nbsp;_platform_network_io_bind
</UL>

<P><STRONG><a name="[198]"></a>_platform_network_state_update_input</STRONG> (Thumb, 106 bytes, Stack size 24 bytes, ai_platform_interface.o(i._platform_network_state_update_input))
<BR><BR>[Stack]<UL><LI>Max Depth = 44<LI>Call Chain = _platform_network_state_update_input &rArr; st_int8_copy
</UL>
<BR>[Calls]<UL><LI><a href="#[199]">&gt;&gt;</a>&nbsp;&nbsp;&nbsp;st_int8_copy
</UL>
<BR>[Called By]<UL><LI><a href="#[149]">&gt;&gt;</a>&nbsp;&nbsp;&nbsp;ai_platform_network_process
</UL>

<P><STRONG><a name="[19a]"></a>_platform_network_state_update_output</STRONG> (Thumb, 128 bytes, Stack size 24 bytes, ai_platform_interface.o(i._platform_network_state_update_output))
<BR><BR>[Stack]<UL><LI>Max Depth = 44<LI>Call Chain = _platform_network_state_update_output &rArr; st_int8_copy
</UL>
<BR>[Calls]<UL><LI><a href="#[199]">&gt;&gt;</a>&nbsp;&nbsp;&nbsp;st_int8_copy
</UL>
<BR>[Called By]<UL><LI><a href="#[149]">&gt;&gt;</a>&nbsp;&nbsp;&nbsp;ai_platform_network_process
</UL>

<P><STRONG><a name="[1e6]"></a>ai_shape_get_size</STRONG> (Thumb, 26 bytes, Stack size 0 bytes, core_convert.o(i.ai_shape_get_size))
<BR><BR>[Called By]<UL><LI><a href="#[7]">&gt;&gt;</a>&nbsp;&nbsp;&nbsp;node_convert
</UL>

<P><STRONG><a name="[1b3]"></a>ai_shape_get_npixels</STRONG> (Thumb, 10 bytes, Stack size 0 bytes, layers_conv2d_stm32_integer.o(i.ai_shape_get_npixels))
<BR><BR>[Called By]<UL><LI><a href="#[d]">&gt;&gt;</a>&nbsp;&nbsp;&nbsp;forward_dense_integer_SSSA_ch
</UL>

<P><STRONG><a name="[1b8]"></a>core_nl_get_params</STRONG> (Thumb, 12 bytes, Stack size 0 bytes, layers_dw_sssa8_ch.o(i.core_nl_get_params))
<BR><BR>[Called By]<UL><LI><a href="#[6]">&gt;&gt;</a>&nbsp;&nbsp;&nbsp;forward_dw_3x3_sssa8_ch
</UL>

<P><STRONG><a name="[1b9]"></a>core_nl_get_params_ptr</STRONG> (Thumb, 18 bytes, Stack size 0 bytes, layers_dw_sssa8_ch.o(i.core_nl_get_params_ptr))
<BR><BR>[Called By]<UL><LI><a href="#[6]">&gt;&gt;</a>&nbsp;&nbsp;&nbsp;forward_dw_3x3_sssa8_ch
</UL>

<P><STRONG><a name="[19e]"></a>_transpose_items</STRONG> (Thumb, 360 bytes, Stack size 112 bytes, layers_generic_float.o(i._transpose_items))
<BR><BR>[Stack]<UL><LI>Max Depth = 132<LI>Call Chain = _transpose_items &rArr; st_int8_copy
</UL>
<BR>[Calls]<UL><LI><a href="#[199]">&gt;&gt;</a>&nbsp;&nbsp;&nbsp;st_int8_copy
</UL>
<BR>[Called By]<UL><LI><a href="#[9]">&gt;&gt;</a>&nbsp;&nbsp;&nbsp;forward_transpose
</UL>

<P><STRONG><a name="[1b0]"></a>ai_shape_get_size</STRONG> (Thumb, 26 bytes, Stack size 0 bytes, layers_norm_generic_float.o(i.ai_shape_get_size))
<BR><BR>[Called By]<UL><LI><a href="#[a]">&gt;&gt;</a>&nbsp;&nbsp;&nbsp;forward_bn
</UL>

<P><STRONG><a name="[1e4]"></a>core_nl_get_params</STRONG> (Thumb, 12 bytes, Stack size 0 bytes, layers_pw_sssa8_ch.o(i.core_nl_get_params))
<BR><BR>[Called By]<UL><LI><a href="#[3]">&gt;&gt;</a>&nbsp;&nbsp;&nbsp;forward_pw_sssa8_ch
</UL>

<P><STRONG><a name="[1e5]"></a>core_nl_get_params_ptr</STRONG> (Thumb, 18 bytes, Stack size 0 bytes, layers_pw_sssa8_ch.o(i.core_nl_get_params_ptr))
<BR><BR>[Called By]<UL><LI><a href="#[3]">&gt;&gt;</a>&nbsp;&nbsp;&nbsp;forward_pw_sssa8_ch
</UL>

<P><STRONG><a name="[1be]"></a>ai_shape_get_size</STRONG> (Thumb, 26 bytes, Stack size 0 bytes, layers_stm32_integer.o(i.ai_shape_get_size))
<BR><BR>[Called By]<UL><LI><a href="#[0]">&gt;&gt;</a>&nbsp;&nbsp;&nbsp;forward_eltwise_integer_INT8
</UL>

<P><STRONG><a name="[1bb]"></a>ai_shape_is_same</STRONG> (Thumb, 46 bytes, Stack size 8 bytes, layers_stm32_integer.o(i.ai_shape_is_same))
<BR><BR>[Stack]<UL><LI>Max Depth = 8<LI>Call Chain = ai_shape_is_same
</UL>
<BR>[Called By]<UL><LI><a href="#[0]">&gt;&gt;</a>&nbsp;&nbsp;&nbsp;forward_eltwise_integer_INT8
</UL>

<P><STRONG><a name="[1bc]"></a>ai_shape_is_scalar</STRONG> (Thumb, 30 bytes, Stack size 0 bytes, layers_stm32_integer.o(i.ai_shape_is_scalar))
<BR><BR>[Called By]<UL><LI><a href="#[0]">&gt;&gt;</a>&nbsp;&nbsp;&nbsp;forward_eltwise_integer_INT8
</UL>

<P><STRONG><a name="[1b5]"></a>core_nl_get_params</STRONG> (Thumb, 12 bytes, Stack size 0 bytes, layers_dw_ch1st_sssa8_ch.o(i.core_nl_get_params))
<BR><BR>[Called By]<UL><LI><a href="#[4]">&gt;&gt;</a>&nbsp;&nbsp;&nbsp;forward_dw_3x3_ch1st_sssa8_ch
</UL>

<P><STRONG><a name="[1b6]"></a>core_nl_get_params_ptr</STRONG> (Thumb, 18 bytes, Stack size 0 bytes, layers_dw_ch1st_sssa8_ch.o(i.core_nl_get_params_ptr))
<BR><BR>[Called By]<UL><LI><a href="#[4]">&gt;&gt;</a>&nbsp;&nbsp;&nbsp;forward_dw_3x3_ch1st_sssa8_ch
</UL>

<P><STRONG><a name="[1a0]"></a>_get_lut_size</STRONG> (Thumb, 34 bytes, Stack size 0 bytes, ai_datatypes_format.o(i._get_lut_size))
<BR><BR>[Called By]<UL><LI><a href="#[19f]">&gt;&gt;</a>&nbsp;&nbsp;&nbsp;ai_array_get_byte_size
</UL>

<P><STRONG><a name="[1a4]"></a>_ai_forward_layer</STRONG> (Thumb, 18 bytes, Stack size 8 bytes, layers.o(i._ai_forward_layer))
<BR><BR>[Stack]<UL><LI>Max Depth = 8<LI>Call Chain = _ai_forward_layer
</UL>
<BR>[Called By]<UL><LI><a href="#[1a3]">&gt;&gt;</a>&nbsp;&nbsp;&nbsp;ai_layers_forward_all
</UL>

<P><STRONG><a name="[1c5]"></a>ai_padding_opt_phase2</STRONG> (Thumb, 38 bytes, Stack size 0 bytes, forward_lite_conv2d_sssa8_ch.o(i.ai_padding_opt_phase2))
<BR><BR>[Called By]<UL><LI><a href="#[1b2]">&gt;&gt;</a>&nbsp;&nbsp;&nbsp;forward_lite_conv2d_rgb_sssa8_ch
</UL>

<P><STRONG><a name="[18e]"></a>_fp_digits</STRONG> (Thumb, 366 bytes, Stack size 64 bytes, printfa.o(i._fp_digits), UNUSED)
<BR><BR>[Calls]<UL><LI><a href="#[110]">&gt;&gt;</a>&nbsp;&nbsp;&nbsp;__aeabi_dmul
<LI><a href="#[111]">&gt;&gt;</a>&nbsp;&nbsp;&nbsp;__aeabi_ddiv
<LI><a href="#[10a]">&gt;&gt;</a>&nbsp;&nbsp;&nbsp;__aeabi_dadd
<LI><a href="#[112]">&gt;&gt;</a>&nbsp;&nbsp;&nbsp;__aeabi_d2ulz
<LI><a href="#[18f]">&gt;&gt;</a>&nbsp;&nbsp;&nbsp;__aeabi_cdrcmple
<LI><a href="#[105]">&gt;&gt;</a>&nbsp;&nbsp;&nbsp;__aeabi_uldivmod
</UL>
<BR>[Called By]<UL><LI><a href="#[17f]">&gt;&gt;</a>&nbsp;&nbsp;&nbsp;_printf_core
</UL>

<P><STRONG><a name="[17f]"></a>_printf_core</STRONG> (Thumb, 1744 bytes, Stack size 136 bytes, printfa.o(i._printf_core), UNUSED)
<BR><BR>[Calls]<UL><LI><a href="#[19b]">&gt;&gt;</a>&nbsp;&nbsp;&nbsp;_printf_pre_padding
<LI><a href="#[19c]">&gt;&gt;</a>&nbsp;&nbsp;&nbsp;_printf_post_padding
<LI><a href="#[18e]">&gt;&gt;</a>&nbsp;&nbsp;&nbsp;_fp_digits
<LI><a href="#[105]">&gt;&gt;</a>&nbsp;&nbsp;&nbsp;__aeabi_uldivmod
<LI><a href="#[19d]">&gt;&gt;</a>&nbsp;&nbsp;&nbsp;__aeabi_uidivmod
</UL>
<BR>[Called By]<UL><LI><a href="#[180]">&gt;&gt;</a>&nbsp;&nbsp;&nbsp;__0snprintf
<LI><a href="#[17e]">&gt;&gt;</a>&nbsp;&nbsp;&nbsp;__0printf
</UL>

<P><STRONG><a name="[19c]"></a>_printf_post_padding</STRONG> (Thumb, 36 bytes, Stack size 24 bytes, printfa.o(i._printf_post_padding), UNUSED)
<BR><BR>[Called By]<UL><LI><a href="#[17f]">&gt;&gt;</a>&nbsp;&nbsp;&nbsp;_printf_core
</UL>

<P><STRONG><a name="[19b]"></a>_printf_pre_padding</STRONG> (Thumb, 46 bytes, Stack size 24 bytes, printfa.o(i._printf_pre_padding), UNUSED)
<BR><BR>[Called By]<UL><LI><a href="#[17f]">&gt;&gt;</a>&nbsp;&nbsp;&nbsp;_printf_core
</UL>

<P><STRONG><a name="[b8]"></a>_snputc</STRONG> (Thumb, 22 bytes, Stack size 0 bytes, printfa.o(i._snputc))
<BR>[Address Reference Count : 1]<UL><LI> printfa.o(i.__0snprintf)
</UL><P>
<H3>
Undefined Global Symbols
</H3><HR></body></html>
